// Jest Snapshot v1, https://goo.gl/fbAQLP

exports[`Snapshot 1`] = `
Object {
  "Parameters": Object {
    "BootstrapVersion": Object {
      "Default": "/cdk-bootstrap/hnb659fds/version",
      "Description": "Version of the CDK Bootstrap resources in this environment, automatically retrieved from SSM Parameter Store. [cdk:skip]",
      "Type": "AWS::SSM::Parameter::Value<String>",
    },
    "connectionArn": Object {
      "Type": "String",
    },
  },
  "Resources": Object {
    "mijnuitkeringdevelopmentAssetsFileAsset17F33B7E1": Object {
      "Properties": Object {
        "Artifacts": Object {
          "Type": "CODEPIPELINE",
        },
        "Cache": Object {
          "Type": "NO_CACHE",
        },
        "EncryptionKey": Object {
          "Fn::GetAtt": Array [
            "mijnuitkeringdevelopmentPipelineArtifactsBucketEncryptionKey1738A5E3",
            "Arn",
          ],
        },
        "Environment": Object {
          "ComputeType": "BUILD_GENERAL1_SMALL",
          "Image": "aws/codebuild/standard:5.0",
          "ImagePullCredentialsType": "CODEBUILD",
          "PrivilegedMode": false,
          "Type": "LINUX_CONTAINER",
        },
        "ServiceRole": Object {
          "Fn::GetAtt": Array [
            "mijnuitkeringdevelopmentAssetsFileRole507FF9CE",
            "Arn",
          ],
        },
        "Source": Object {
          "BuildSpec": "{
  \\"version\\": \\"0.2\\",
  \\"phases\\": {
    \\"install\\": {
      \\"commands\\": [
        \\"npm install -g cdk-assets\\"
      ]
    },
    \\"build\\": {
      \\"commands\\": [
        \\"cdk-assets --path \\\\\\"assembly-test-mijn-uitkering-api/testmijnuitkeringapiapistack7064CFE8.assets.json\\\\\\" --verbose publish \\\\\\"5fb1a13a9bc0c83bf6c985642dfb4cf567da3a6cbf801232ad3db47df888a182:test-eu-west-1\\\\\\"\\"
      ]
    }
  }
}",
          "Type": "CODEPIPELINE",
        },
        "Tags": Array [
          Object {
            "Key": "cdkManaged",
            "Value": "yes",
          },
          Object {
            "Key": "Project",
            "Value": "mijn-uitkering",
          },
        ],
      },
      "Type": "AWS::CodeBuild::Project",
    },
    "mijnuitkeringdevelopmentAssetsFileAsset262CCDA56": Object {
      "Properties": Object {
        "Artifacts": Object {
          "Type": "CODEPIPELINE",
        },
        "Cache": Object {
          "Type": "NO_CACHE",
        },
        "EncryptionKey": Object {
          "Fn::GetAtt": Array [
            "mijnuitkeringdevelopmentPipelineArtifactsBucketEncryptionKey1738A5E3",
            "Arn",
          ],
        },
        "Environment": Object {
          "ComputeType": "BUILD_GENERAL1_SMALL",
          "Image": "aws/codebuild/standard:5.0",
          "ImagePullCredentialsType": "CODEBUILD",
          "PrivilegedMode": false,
          "Type": "LINUX_CONTAINER",
        },
        "ServiceRole": Object {
          "Fn::GetAtt": Array [
            "mijnuitkeringdevelopmentAssetsFileRole507FF9CE",
            "Arn",
          ],
        },
        "Source": Object {
          "BuildSpec": "{
  \\"version\\": \\"0.2\\",
  \\"phases\\": {
    \\"install\\": {
      \\"commands\\": [
        \\"npm install -g cdk-assets\\"
      ]
    },
    \\"build\\": {
      \\"commands\\": [
        \\"cdk-assets --path \\\\\\"assembly-test-mijn-uitkering-api/testmijnuitkeringapiapistack7064CFE8.assets.json\\\\\\" --verbose publish \\\\\\"c72e3e3e2949c5170bd71418e5d4f8dfd4b24261fadfa228fb8f54c86822aa1f:test-eu-west-1\\\\\\"\\"
      ]
    }
  }
}",
          "Type": "CODEPIPELINE",
        },
        "Tags": Array [
          Object {
            "Key": "cdkManaged",
            "Value": "yes",
          },
          Object {
            "Key": "Project",
            "Value": "mijn-uitkering",
          },
        ],
      },
      "Type": "AWS::CodeBuild::Project",
    },
    "mijnuitkeringdevelopmentAssetsFileAsset30D0C1251": Object {
      "Properties": Object {
        "Artifacts": Object {
          "Type": "CODEPIPELINE",
        },
        "Cache": Object {
          "Type": "NO_CACHE",
        },
        "EncryptionKey": Object {
          "Fn::GetAtt": Array [
            "mijnuitkeringdevelopmentPipelineArtifactsBucketEncryptionKey1738A5E3",
            "Arn",
          ],
        },
        "Environment": Object {
          "ComputeType": "BUILD_GENERAL1_SMALL",
          "Image": "aws/codebuild/standard:5.0",
          "ImagePullCredentialsType": "CODEBUILD",
          "PrivilegedMode": false,
          "Type": "LINUX_CONTAINER",
        },
        "ServiceRole": Object {
          "Fn::GetAtt": Array [
            "mijnuitkeringdevelopmentAssetsFileRole507FF9CE",
            "Arn",
          ],
        },
        "Source": Object {
          "BuildSpec": "{
  \\"version\\": \\"0.2\\",
  \\"phases\\": {
    \\"install\\": {
      \\"commands\\": [
        \\"npm install -g cdk-assets\\"
      ]
    },
    \\"build\\": {
      \\"commands\\": [
        \\"cdk-assets --path \\\\\\"assembly-test-mijn-uitkering-api/testmijnuitkeringapiapistack7064CFE8.assets.json\\\\\\" --verbose publish \\\\\\"090dd8e430ea84fac1f5496bb8c9c0c5270a97020310c16cb08a17e73d64b703:test-eu-west-1\\\\\\"\\"
      ]
    }
  }
}",
          "Type": "CODEPIPELINE",
        },
        "Tags": Array [
          Object {
            "Key": "cdkManaged",
            "Value": "yes",
          },
          Object {
            "Key": "Project",
            "Value": "mijn-uitkering",
          },
        ],
      },
      "Type": "AWS::CodeBuild::Project",
    },
    "mijnuitkeringdevelopmentAssetsFileAsset48566A75D": Object {
      "Properties": Object {
        "Artifacts": Object {
          "Type": "CODEPIPELINE",
        },
        "Cache": Object {
          "Type": "NO_CACHE",
        },
        "EncryptionKey": Object {
          "Fn::GetAtt": Array [
            "mijnuitkeringdevelopmentPipelineArtifactsBucketEncryptionKey1738A5E3",
            "Arn",
          ],
        },
        "Environment": Object {
          "ComputeType": "BUILD_GENERAL1_SMALL",
          "Image": "aws/codebuild/standard:5.0",
          "ImagePullCredentialsType": "CODEBUILD",
          "PrivilegedMode": false,
          "Type": "LINUX_CONTAINER",
        },
        "ServiceRole": Object {
          "Fn::GetAtt": Array [
            "mijnuitkeringdevelopmentAssetsFileRole507FF9CE",
            "Arn",
          ],
        },
        "Source": Object {
          "BuildSpec": "{
  \\"version\\": \\"0.2\\",
  \\"phases\\": {
    \\"install\\": {
      \\"commands\\": [
        \\"npm install -g cdk-assets\\"
      ]
    },
    \\"build\\": {
      \\"commands\\": [
        \\"cdk-assets --path \\\\\\"assembly-test-mijn-uitkering-api/testmijnuitkeringapiapistack7064CFE8.assets.json\\\\\\" --verbose publish \\\\\\"c1c5147d3c8ddc8acbeacde7649325a8a1201fc845bcce1a010c7739c44ac244:test-eu-west-1\\\\\\"\\"
      ]
    }
  }
}",
          "Type": "CODEPIPELINE",
        },
        "Tags": Array [
          Object {
            "Key": "cdkManaged",
            "Value": "yes",
          },
          Object {
            "Key": "Project",
            "Value": "mijn-uitkering",
          },
        ],
      },
      "Type": "AWS::CodeBuild::Project",
    },
    "mijnuitkeringdevelopmentAssetsFileRole507FF9CE": Object {
      "Properties": Object {
        "AssumeRolePolicyDocument": Object {
          "Statement": Array [
            Object {
              "Action": "sts:AssumeRole",
              "Effect": "Allow",
              "Principal": Object {
                "Service": "codebuild.amazonaws.com",
              },
            },
            Object {
              "Action": "sts:AssumeRole",
              "Effect": "Allow",
              "Principal": Object {
                "AWS": Object {
                  "Fn::Join": Array [
                    "",
                    Array [
                      "arn:",
                      Object {
                        "Ref": "AWS::Partition",
                      },
                      ":iam::test:root",
                    ],
                  ],
                },
              },
            },
          ],
          "Version": "2012-10-17",
        },
        "Tags": Array [
          Object {
            "Key": "cdkManaged",
            "Value": "yes",
          },
          Object {
            "Key": "Project",
            "Value": "mijn-uitkering",
          },
        ],
      },
      "Type": "AWS::IAM::Role",
    },
    "mijnuitkeringdevelopmentAssetsFileRoleDefaultPolicyC4F8B9E4": Object {
      "Properties": Object {
        "PolicyDocument": Object {
          "Statement": Array [
            Object {
              "Action": Array [
                "logs:CreateLogGroup",
                "logs:CreateLogStream",
                "logs:PutLogEvents",
              ],
              "Effect": "Allow",
              "Resource": Object {
                "Fn::Join": Array [
                  "",
                  Array [
                    "arn:",
                    Object {
                      "Ref": "AWS::Partition",
                    },
                    ":logs:eu-west-1:test:log-group:/aws/codebuild/*",
                  ],
                ],
              },
            },
            Object {
              "Action": Array [
                "codebuild:CreateReportGroup",
                "codebuild:CreateReport",
                "codebuild:UpdateReport",
                "codebuild:BatchPutTestCases",
                "codebuild:BatchPutCodeCoverages",
              ],
              "Effect": "Allow",
              "Resource": Object {
                "Fn::Join": Array [
                  "",
                  Array [
                    "arn:",
                    Object {
                      "Ref": "AWS::Partition",
                    },
                    ":codebuild:eu-west-1:test:report-group/*",
                  ],
                ],
              },
            },
            Object {
              "Action": Array [
                "codebuild:BatchGetBuilds",
                "codebuild:StartBuild",
                "codebuild:StopBuild",
              ],
              "Effect": "Allow",
              "Resource": "*",
            },
            Object {
              "Action": "sts:AssumeRole",
              "Effect": "Allow",
              "Resource": Array [
                Object {
                  "Fn::Sub": "arn:\${AWS::Partition}:iam::test:role/cdk-hnb659fds-file-publishing-role-test-eu-west-1",
                },
              ],
            },
            Object {
              "Action": Array [
                "s3:GetObject*",
                "s3:GetBucket*",
                "s3:List*",
              ],
              "Effect": "Allow",
              "Resource": Array [
                Object {
                  "Fn::GetAtt": Array [
                    "mijnuitkeringdevelopmentPipelineArtifactsBucket77913838",
                    "Arn",
                  ],
                },
                Object {
                  "Fn::Join": Array [
                    "",
                    Array [
                      Object {
                        "Fn::GetAtt": Array [
                          "mijnuitkeringdevelopmentPipelineArtifactsBucket77913838",
                          "Arn",
                        ],
                      },
                      "/*",
                    ],
                  ],
                },
              ],
            },
            Object {
              "Action": Array [
                "kms:Decrypt",
                "kms:DescribeKey",
              ],
              "Effect": "Allow",
              "Resource": Object {
                "Fn::GetAtt": Array [
                  "mijnuitkeringdevelopmentPipelineArtifactsBucketEncryptionKey1738A5E3",
                  "Arn",
                ],
              },
            },
          ],
          "Version": "2012-10-17",
        },
        "PolicyName": "mijnuitkeringdevelopmentAssetsFileRoleDefaultPolicyC4F8B9E4",
        "Roles": Array [
          Object {
            "Ref": "mijnuitkeringdevelopmentAssetsFileRole507FF9CE",
          },
        ],
      },
      "Type": "AWS::IAM::Policy",
    },
    "mijnuitkeringdevelopmentPipeline333F36FB": Object {
      "DependsOn": Array [
        "mijnuitkeringdevelopmentPipelineRoleDefaultPolicyBF7CA000",
        "mijnuitkeringdevelopmentPipelineRole061CE2BC",
      ],
      "Properties": Object {
        "ArtifactStore": Object {
          "EncryptionKey": Object {
            "Id": Object {
              "Fn::GetAtt": Array [
                "mijnuitkeringdevelopmentPipelineArtifactsBucketEncryptionKey1738A5E3",
                "Arn",
              ],
            },
            "Type": "KMS",
          },
          "Location": Object {
            "Ref": "mijnuitkeringdevelopmentPipelineArtifactsBucket77913838",
          },
          "Type": "S3",
        },
        "Name": "mijnuitkering-development",
        "RestartExecutionOnUpdate": true,
        "RoleArn": Object {
          "Fn::GetAtt": Array [
            "mijnuitkeringdevelopmentPipelineRole061CE2BC",
            "Arn",
          ],
        },
        "Stages": Array [
          Object {
            "Actions": Array [
              Object {
                "ActionTypeId": Object {
                  "Category": "Source",
                  "Owner": "AWS",
                  "Provider": "CodeStarSourceConnection",
                  "Version": "1",
                },
                "Configuration": Object {
                  "BranchName": "development",
                  "ConnectionArn": Object {
                    "Ref": "connectionArn",
                  },
                  "FullRepositoryId": "GemeenteNijmegen/mijn-uitkering",
                },
                "Name": "GemeenteNijmegen_mijn-uitkering",
                "OutputArtifacts": Array [
                  Object {
                    "Name": "GemeenteNijmegen_mijn_uitkering_Source",
                  },
                ],
                "RoleArn": Object {
                  "Fn::GetAtt": Array [
                    "mijnuitkeringdevelopmentPipelineSourceGemeenteNijmegenmijnuitkeringCodePipelineActionRoleF238BE5A",
                    "Arn",
                  ],
                },
                "RunOrder": 1,
              },
            ],
            "Name": "Source",
          },
          Object {
            "Actions": Array [
              Object {
                "ActionTypeId": Object {
                  "Category": "Build",
                  "Owner": "AWS",
                  "Provider": "CodeBuild",
                  "Version": "1",
                },
                "Configuration": Object {
                  "EnvironmentVariables": "[{\\"name\\":\\"_PROJECT_CONFIG_HASH\\",\\"type\\":\\"PLAINTEXT\\",\\"value\\":\\"408c2abba59dfe79726f604b5e4be80679cd98aa85c921835e5a1ab7ac11177f\\"}]",
                  "ProjectName": Object {
                    "Ref": "mijnuitkeringdevelopmentPipelineBuildSynthCdkBuildProjectD65A8BC0",
                  },
                },
                "InputArtifacts": Array [
                  Object {
                    "Name": "GemeenteNijmegen_mijn_uitkering_Source",
                  },
                ],
                "Name": "Synth",
                "OutputArtifacts": Array [
                  Object {
                    "Name": "Synth_Output",
                  },
                ],
                "RoleArn": Object {
                  "Fn::GetAtt": Array [
                    "mijnuitkeringdevelopmentPipelineBuildSynthCodePipelineActionRole389FFF58",
                    "Arn",
                  ],
                },
                "RunOrder": 1,
              },
            ],
            "Name": "Build",
          },
          Object {
            "Actions": Array [
              Object {
                "ActionTypeId": Object {
                  "Category": "Build",
                  "Owner": "AWS",
                  "Provider": "CodeBuild",
                  "Version": "1",
                },
                "Configuration": Object {
                  "EnvironmentVariables": "[{\\"name\\":\\"_PROJECT_CONFIG_HASH\\",\\"type\\":\\"PLAINTEXT\\",\\"value\\":\\"5bf35113579754e28f72c705fde1a2e02dd0d8d1cfcee326900f3e08ec8f9bf5\\"}]",
                  "ProjectName": Object {
                    "Ref": "mijnuitkeringdevelopmentUpdatePipelineSelfMutation32F3E62C",
                  },
                },
                "InputArtifacts": Array [
                  Object {
                    "Name": "Synth_Output",
                  },
                ],
                "Name": "SelfMutate",
                "RoleArn": Object {
                  "Fn::GetAtt": Array [
                    "mijnuitkeringdevelopmentPipelineUpdatePipelineSelfMutateCodePipelineActionRole3BF03BDF",
                    "Arn",
                  ],
                },
                "RunOrder": 1,
              },
            ],
            "Name": "UpdatePipeline",
          },
          Object {
            "Actions": Array [
              Object {
                "ActionTypeId": Object {
                  "Category": "Build",
                  "Owner": "AWS",
                  "Provider": "CodeBuild",
                  "Version": "1",
                },
                "Configuration": Object {
                  "ProjectName": Object {
                    "Ref": "mijnuitkeringdevelopmentAssetsFileAsset17F33B7E1",
                  },
                },
                "InputArtifacts": Array [
                  Object {
                    "Name": "Synth_Output",
                  },
                ],
                "Name": "FileAsset1",
                "RoleArn": Object {
                  "Fn::GetAtt": Array [
                    "mijnuitkeringdevelopmentPipelineAssetsFileAsset1CodePipelineActionRoleFF46E0EC",
                    "Arn",
                  ],
                },
                "RunOrder": 1,
              },
              Object {
                "ActionTypeId": Object {
                  "Category": "Build",
                  "Owner": "AWS",
                  "Provider": "CodeBuild",
                  "Version": "1",
                },
                "Configuration": Object {
                  "ProjectName": Object {
                    "Ref": "mijnuitkeringdevelopmentAssetsFileAsset262CCDA56",
                  },
                },
                "InputArtifacts": Array [
                  Object {
                    "Name": "Synth_Output",
                  },
                ],
                "Name": "FileAsset2",
                "RoleArn": Object {
                  "Fn::GetAtt": Array [
                    "mijnuitkeringdevelopmentPipelineAssetsFileAsset2CodePipelineActionRole98B1CB8B",
                    "Arn",
                  ],
                },
                "RunOrder": 1,
              },
              Object {
                "ActionTypeId": Object {
                  "Category": "Build",
                  "Owner": "AWS",
                  "Provider": "CodeBuild",
                  "Version": "1",
                },
                "Configuration": Object {
                  "ProjectName": Object {
                    "Ref": "mijnuitkeringdevelopmentAssetsFileAsset30D0C1251",
                  },
                },
                "InputArtifacts": Array [
                  Object {
                    "Name": "Synth_Output",
                  },
                ],
                "Name": "FileAsset3",
                "RoleArn": Object {
                  "Fn::GetAtt": Array [
                    "mijnuitkeringdevelopmentPipelineAssetsFileAsset3CodePipelineActionRole73D1502B",
                    "Arn",
                  ],
                },
                "RunOrder": 1,
              },
              Object {
                "ActionTypeId": Object {
                  "Category": "Build",
                  "Owner": "AWS",
                  "Provider": "CodeBuild",
                  "Version": "1",
                },
                "Configuration": Object {
                  "ProjectName": Object {
                    "Ref": "mijnuitkeringdevelopmentAssetsFileAsset48566A75D",
                  },
                },
                "InputArtifacts": Array [
                  Object {
                    "Name": "Synth_Output",
                  },
                ],
                "Name": "FileAsset4",
                "RoleArn": Object {
                  "Fn::GetAtt": Array [
                    "mijnuitkeringdevelopmentPipelineAssetsFileAsset4CodePipelineActionRole3E7C3C96",
                    "Arn",
                  ],
                },
                "RunOrder": 1,
              },
            ],
            "Name": "Assets",
          },
          Object {
            "Actions": Array [
              Object {
                "ActionTypeId": Object {
                  "Category": "Deploy",
                  "Owner": "AWS",
                  "Provider": "CloudFormation",
                  "Version": "1",
                },
                "Configuration": Object {
                  "ActionMode": "CHANGE_SET_REPLACE",
                  "Capabilities": "CAPABILITY_NAMED_IAM,CAPABILITY_AUTO_EXPAND",
                  "ChangeSetName": "PipelineChange",
                  "RoleArn": Object {
                    "Fn::Join": Array [
                      "",
                      Array [
                        "arn:",
                        Object {
                          "Ref": "AWS::Partition",
                        },
                        ":iam::test:role/cdk-hnb659fds-cfn-exec-role-test-eu-west-1",
                      ],
                    ],
                  },
                  "StackName": "mijn-uitkering-parameters-params",
                  "TemplateConfiguration": "Synth_Output::assembly-test-mijn-uitkering-parameters/testmijnuitkeringparametersparamsEF3D5485.template.json.config.json",
                  "TemplatePath": "Synth_Output::assembly-test-mijn-uitkering-parameters/testmijnuitkeringparametersparamsEF3D5485.template.json",
                },
                "InputArtifacts": Array [
                  Object {
                    "Name": "Synth_Output",
                  },
                ],
                "Name": "Prepare",
                "RoleArn": Object {
                  "Fn::Join": Array [
                    "",
                    Array [
                      "arn:",
                      Object {
                        "Ref": "AWS::Partition",
                      },
                      ":iam::test:role/cdk-hnb659fds-deploy-role-test-eu-west-1",
                    ],
                  ],
                },
                "RunOrder": 1,
              },
              Object {
                "ActionTypeId": Object {
                  "Category": "Deploy",
                  "Owner": "AWS",
                  "Provider": "CloudFormation",
                  "Version": "1",
                },
                "Configuration": Object {
                  "ActionMode": "CHANGE_SET_EXECUTE",
                  "ChangeSetName": "PipelineChange",
                  "StackName": "mijn-uitkering-parameters-params",
                },
                "Name": "Deploy",
                "RoleArn": Object {
                  "Fn::Join": Array [
                    "",
                    Array [
                      "arn:",
                      Object {
                        "Ref": "AWS::Partition",
                      },
                      ":iam::test:role/cdk-hnb659fds-deploy-role-test-eu-west-1",
                    ],
                  ],
                },
                "RunOrder": 2,
              },
            ],
            "Name": "mijn-uitkering-parameters",
          },
          Object {
            "Actions": Array [
              Object {
                "ActionTypeId": Object {
                  "Category": "Deploy",
                  "Owner": "AWS",
                  "Provider": "CloudFormation",
                  "Version": "1",
                },
                "Configuration": Object {
                  "ActionMode": "CHANGE_SET_REPLACE",
                  "Capabilities": "CAPABILITY_NAMED_IAM,CAPABILITY_AUTO_EXPAND",
                  "ChangeSetName": "PipelineChange",
                  "RoleArn": Object {
                    "Fn::Join": Array [
                      "",
                      Array [
                        "arn:",
                        Object {
                          "Ref": "AWS::Partition",
                        },
                        ":iam::test:role/cdk-hnb659fds-cfn-exec-role-test-eu-west-1",
                      ],
                    ],
                  },
                  "StackName": "mijn-uitkering-api-mijn-uitkering-dns",
                  "TemplatePath": "Synth_Output::assembly-test-mijn-uitkering-api/testmijnuitkeringapimijnuitkeringdnsAA431D4C.template.json",
                },
                "InputArtifacts": Array [
                  Object {
                    "Name": "Synth_Output",
                  },
                ],
                "Name": "mijn-uitkering-dns.Prepare",
                "RoleArn": Object {
                  "Fn::Join": Array [
                    "",
                    Array [
                      "arn:",
                      Object {
                        "Ref": "AWS::Partition",
                      },
                      ":iam::test:role/cdk-hnb659fds-deploy-role-test-eu-west-1",
                    ],
                  ],
                },
                "RunOrder": 1,
              },
              Object {
                "ActionTypeId": Object {
                  "Category": "Deploy",
                  "Owner": "AWS",
                  "Provider": "CloudFormation",
                  "Version": "1",
                },
                "Configuration": Object {
                  "ActionMode": "CHANGE_SET_REPLACE",
                  "Capabilities": "CAPABILITY_NAMED_IAM,CAPABILITY_AUTO_EXPAND",
                  "ChangeSetName": "PipelineChange",
                  "RoleArn": Object {
                    "Fn::Join": Array [
                      "",
                      Array [
                        "arn:",
                        Object {
                          "Ref": "AWS::Partition",
                        },
                        ":iam::test:role/cdk-hnb659fds-cfn-exec-role-test-eu-west-1",
                      ],
                    ],
                  },
                  "StackName": "mijn-uitkering-api-sessions-stack",
                  "TemplatePath": "Synth_Output::assembly-test-mijn-uitkering-api/testmijnuitkeringapisessionsstackE5C35BBB.template.json",
                },
                "InputArtifacts": Array [
                  Object {
                    "Name": "Synth_Output",
                  },
                ],
                "Name": "sessions-stack.Prepare",
                "RoleArn": Object {
                  "Fn::Join": Array [
                    "",
                    Array [
                      "arn:",
                      Object {
                        "Ref": "AWS::Partition",
                      },
                      ":iam::test:role/cdk-hnb659fds-deploy-role-test-eu-west-1",
                    ],
                  ],
                },
                "RunOrder": 1,
              },
              Object {
                "ActionTypeId": Object {
                  "Category": "Deploy",
                  "Owner": "AWS",
                  "Provider": "CloudFormation",
                  "Version": "1",
                },
                "Configuration": Object {
                  "ActionMode": "CHANGE_SET_EXECUTE",
                  "ChangeSetName": "PipelineChange",
                  "StackName": "mijn-uitkering-api-mijn-uitkering-dns",
                },
                "Name": "mijn-uitkering-dns.Deploy",
                "RoleArn": Object {
                  "Fn::Join": Array [
                    "",
                    Array [
                      "arn:",
                      Object {
                        "Ref": "AWS::Partition",
                      },
                      ":iam::test:role/cdk-hnb659fds-deploy-role-test-eu-west-1",
                    ],
                  ],
                },
                "RunOrder": 2,
              },
              Object {
                "ActionTypeId": Object {
                  "Category": "Deploy",
                  "Owner": "AWS",
                  "Provider": "CloudFormation",
                  "Version": "1",
                },
                "Configuration": Object {
                  "ActionMode": "CHANGE_SET_EXECUTE",
                  "ChangeSetName": "PipelineChange",
                  "StackName": "mijn-uitkering-api-sessions-stack",
                },
                "Name": "sessions-stack.Deploy",
                "RoleArn": Object {
                  "Fn::Join": Array [
                    "",
                    Array [
                      "arn:",
                      Object {
                        "Ref": "AWS::Partition",
                      },
                      ":iam::test:role/cdk-hnb659fds-deploy-role-test-eu-west-1",
                    ],
                  ],
                },
                "RunOrder": 2,
              },
              Object {
                "ActionTypeId": Object {
                  "Category": "Deploy",
                  "Owner": "AWS",
                  "Provider": "CloudFormation",
                  "Version": "1",
                },
                "Configuration": Object {
                  "ActionMode": "CHANGE_SET_REPLACE",
                  "Capabilities": "CAPABILITY_NAMED_IAM,CAPABILITY_AUTO_EXPAND",
                  "ChangeSetName": "PipelineChange",
                  "RoleArn": Object {
                    "Fn::Join": Array [
                      "",
                      Array [
                        "arn:",
                        Object {
                          "Ref": "AWS::Partition",
                        },
                        ":iam::test:role/cdk-hnb659fds-cfn-exec-role-test-eu-west-1",
                      ],
                    ],
                  },
                  "StackName": "mijn-uitkering-api-api-stack",
                  "TemplatePath": "Synth_Output::assembly-test-mijn-uitkering-api/testmijnuitkeringapiapistack7064CFE8.template.json",
                },
                "InputArtifacts": Array [
                  Object {
                    "Name": "Synth_Output",
                  },
                ],
                "Name": "api-stack.Prepare",
                "RoleArn": Object {
                  "Fn::Join": Array [
                    "",
                    Array [
                      "arn:",
                      Object {
                        "Ref": "AWS::Partition",
                      },
                      ":iam::test:role/cdk-hnb659fds-deploy-role-test-eu-west-1",
                    ],
                  ],
                },
                "RunOrder": 3,
              },
              Object {
                "ActionTypeId": Object {
                  "Category": "Deploy",
                  "Owner": "AWS",
                  "Provider": "CloudFormation",
                  "Version": "1",
                },
                "Configuration": Object {
                  "ActionMode": "CHANGE_SET_EXECUTE",
                  "ChangeSetName": "PipelineChange",
                  "StackName": "mijn-uitkering-api-api-stack",
                },
                "Name": "api-stack.Deploy",
                "RoleArn": Object {
                  "Fn::Join": Array [
                    "",
                    Array [
                      "arn:",
                      Object {
                        "Ref": "AWS::Partition",
                      },
                      ":iam::test:role/cdk-hnb659fds-deploy-role-test-eu-west-1",
                    ],
                  ],
                },
                "RunOrder": 4,
              },
            ],
            "Name": "mijn-uitkering-api",
          },
        ],
        "Tags": Array [
          Object {
            "Key": "cdkManaged",
            "Value": "yes",
          },
          Object {
            "Key": "Project",
            "Value": "mijn-uitkering",
          },
        ],
      },
      "Type": "AWS::CodePipeline::Pipeline",
    },
    "mijnuitkeringdevelopmentPipelineArtifactsBucket77913838": Object {
      "DeletionPolicy": "Retain",
      "Properties": Object {
        "BucketEncryption": Object {
          "ServerSideEncryptionConfiguration": Array [
            Object {
              "ServerSideEncryptionByDefault": Object {
                "KMSMasterKeyID": Object {
                  "Fn::GetAtt": Array [
                    "mijnuitkeringdevelopmentPipelineArtifactsBucketEncryptionKey1738A5E3",
                    "Arn",
                  ],
                },
                "SSEAlgorithm": "aws:kms",
              },
            },
          ],
        },
        "PublicAccessBlockConfiguration": Object {
          "BlockPublicAcls": true,
          "BlockPublicPolicy": true,
          "IgnorePublicAcls": true,
          "RestrictPublicBuckets": true,
        },
        "Tags": Array [
          Object {
            "Key": "cdkManaged",
            "Value": "yes",
          },
          Object {
            "Key": "Project",
            "Value": "mijn-uitkering",
          },
        ],
      },
      "Type": "AWS::S3::Bucket",
      "UpdateReplacePolicy": "Retain",
    },
    "mijnuitkeringdevelopmentPipelineArtifactsBucketEncryptionKey1738A5E3": Object {
      "DeletionPolicy": "Delete",
      "Properties": Object {
        "KeyPolicy": Object {
          "Statement": Array [
            Object {
              "Action": "kms:*",
              "Effect": "Allow",
              "Principal": Object {
                "AWS": Object {
                  "Fn::Join": Array [
                    "",
                    Array [
                      "arn:",
                      Object {
                        "Ref": "AWS::Partition",
                      },
                      ":iam::test:root",
                    ],
                  ],
                },
              },
              "Resource": "*",
            },
            Object {
              "Action": Array [
                "kms:Decrypt",
                "kms:DescribeKey",
              ],
              "Effect": "Allow",
              "Principal": Object {
                "AWS": Object {
                  "Fn::Join": Array [
                    "",
                    Array [
                      "arn:",
                      Object {
                        "Ref": "AWS::Partition",
                      },
                      ":iam::test:role/cdk-hnb659fds-deploy-role-test-eu-west-1",
                    ],
                  ],
                },
              },
              "Resource": "*",
            },
          ],
          "Version": "2012-10-17",
        },
        "Tags": Array [
          Object {
            "Key": "cdkManaged",
            "Value": "yes",
          },
          Object {
            "Key": "Project",
            "Value": "mijn-uitkering",
          },
        ],
      },
      "Type": "AWS::KMS::Key",
      "UpdateReplacePolicy": "Delete",
    },
    "mijnuitkeringdevelopmentPipelineArtifactsBucketEncryptionKeyAliasA955A278": Object {
      "DeletionPolicy": "Delete",
      "Properties": Object {
        "AliasName": "alias/codepipeline-testmijnuitkeringdevelopmentpipelinecccf1780",
        "TargetKeyId": Object {
          "Fn::GetAtt": Array [
            "mijnuitkeringdevelopmentPipelineArtifactsBucketEncryptionKey1738A5E3",
            "Arn",
          ],
        },
      },
      "Type": "AWS::KMS::Alias",
      "UpdateReplacePolicy": "Delete",
    },
    "mijnuitkeringdevelopmentPipelineArtifactsBucketPolicy26D4AC92": Object {
      "Properties": Object {
        "Bucket": Object {
          "Ref": "mijnuitkeringdevelopmentPipelineArtifactsBucket77913838",
        },
        "PolicyDocument": Object {
          "Statement": Array [
            Object {
              "Action": "s3:*",
              "Condition": Object {
                "Bool": Object {
                  "aws:SecureTransport": "false",
                },
              },
              "Effect": "Deny",
              "Principal": Object {
                "AWS": "*",
              },
              "Resource": Array [
                Object {
                  "Fn::GetAtt": Array [
                    "mijnuitkeringdevelopmentPipelineArtifactsBucket77913838",
                    "Arn",
                  ],
                },
                Object {
                  "Fn::Join": Array [
                    "",
                    Array [
                      Object {
                        "Fn::GetAtt": Array [
                          "mijnuitkeringdevelopmentPipelineArtifactsBucket77913838",
                          "Arn",
                        ],
                      },
                      "/*",
                    ],
                  ],
                },
              ],
            },
            Object {
              "Action": Array [
                "s3:GetObject*",
                "s3:GetBucket*",
                "s3:List*",
              ],
              "Effect": "Allow",
              "Principal": Object {
                "AWS": Object {
                  "Fn::Join": Array [
                    "",
                    Array [
                      "arn:",
                      Object {
                        "Ref": "AWS::Partition",
                      },
                      ":iam::test:role/cdk-hnb659fds-deploy-role-test-eu-west-1",
                    ],
                  ],
                },
              },
              "Resource": Array [
                Object {
                  "Fn::GetAtt": Array [
                    "mijnuitkeringdevelopmentPipelineArtifactsBucket77913838",
                    "Arn",
                  ],
                },
                Object {
                  "Fn::Join": Array [
                    "",
                    Array [
                      Object {
                        "Fn::GetAtt": Array [
                          "mijnuitkeringdevelopmentPipelineArtifactsBucket77913838",
                          "Arn",
                        ],
                      },
                      "/*",
                    ],
                  ],
                },
              ],
            },
          ],
          "Version": "2012-10-17",
        },
      },
      "Type": "AWS::S3::BucketPolicy",
    },
    "mijnuitkeringdevelopmentPipelineAssetsFileAsset1CodePipelineActionRoleDefaultPolicy202CC5FF": Object {
      "Properties": Object {
        "PolicyDocument": Object {
          "Statement": Array [
            Object {
              "Action": Array [
                "codebuild:BatchGetBuilds",
                "codebuild:StartBuild",
                "codebuild:StopBuild",
              ],
              "Effect": "Allow",
              "Resource": Object {
                "Fn::GetAtt": Array [
                  "mijnuitkeringdevelopmentAssetsFileAsset17F33B7E1",
                  "Arn",
                ],
              },
            },
          ],
          "Version": "2012-10-17",
        },
        "PolicyName": "mijnuitkeringdevelopmentPipelineAssetsFileAsset1CodePipelineActionRoleDefaultPolicy202CC5FF",
        "Roles": Array [
          Object {
            "Ref": "mijnuitkeringdevelopmentPipelineAssetsFileAsset1CodePipelineActionRoleFF46E0EC",
          },
        ],
      },
      "Type": "AWS::IAM::Policy",
    },
    "mijnuitkeringdevelopmentPipelineAssetsFileAsset1CodePipelineActionRoleFF46E0EC": Object {
      "Properties": Object {
        "AssumeRolePolicyDocument": Object {
          "Statement": Array [
            Object {
              "Action": "sts:AssumeRole",
              "Effect": "Allow",
              "Principal": Object {
                "AWS": Object {
                  "Fn::Join": Array [
                    "",
                    Array [
                      "arn:",
                      Object {
                        "Ref": "AWS::Partition",
                      },
                      ":iam::test:root",
                    ],
                  ],
                },
              },
            },
          ],
          "Version": "2012-10-17",
        },
        "Tags": Array [
          Object {
            "Key": "cdkManaged",
            "Value": "yes",
          },
          Object {
            "Key": "Project",
            "Value": "mijn-uitkering",
          },
        ],
      },
      "Type": "AWS::IAM::Role",
    },
    "mijnuitkeringdevelopmentPipelineAssetsFileAsset2CodePipelineActionRole98B1CB8B": Object {
      "Properties": Object {
        "AssumeRolePolicyDocument": Object {
          "Statement": Array [
            Object {
              "Action": "sts:AssumeRole",
              "Effect": "Allow",
              "Principal": Object {
                "AWS": Object {
                  "Fn::Join": Array [
                    "",
                    Array [
                      "arn:",
                      Object {
                        "Ref": "AWS::Partition",
                      },
                      ":iam::test:root",
                    ],
                  ],
                },
              },
            },
          ],
          "Version": "2012-10-17",
        },
        "Tags": Array [
          Object {
            "Key": "cdkManaged",
            "Value": "yes",
          },
          Object {
            "Key": "Project",
            "Value": "mijn-uitkering",
          },
        ],
      },
      "Type": "AWS::IAM::Role",
    },
    "mijnuitkeringdevelopmentPipelineAssetsFileAsset2CodePipelineActionRoleDefaultPolicy263AE2CA": Object {
      "Properties": Object {
        "PolicyDocument": Object {
          "Statement": Array [
            Object {
              "Action": Array [
                "codebuild:BatchGetBuilds",
                "codebuild:StartBuild",
                "codebuild:StopBuild",
              ],
              "Effect": "Allow",
              "Resource": Object {
                "Fn::GetAtt": Array [
                  "mijnuitkeringdevelopmentAssetsFileAsset262CCDA56",
                  "Arn",
                ],
              },
            },
          ],
          "Version": "2012-10-17",
        },
        "PolicyName": "mijnuitkeringdevelopmentPipelineAssetsFileAsset2CodePipelineActionRoleDefaultPolicy263AE2CA",
        "Roles": Array [
          Object {
            "Ref": "mijnuitkeringdevelopmentPipelineAssetsFileAsset2CodePipelineActionRole98B1CB8B",
          },
        ],
      },
      "Type": "AWS::IAM::Policy",
    },
    "mijnuitkeringdevelopmentPipelineAssetsFileAsset3CodePipelineActionRole73D1502B": Object {
      "Properties": Object {
        "AssumeRolePolicyDocument": Object {
          "Statement": Array [
            Object {
              "Action": "sts:AssumeRole",
              "Effect": "Allow",
              "Principal": Object {
                "AWS": Object {
                  "Fn::Join": Array [
                    "",
                    Array [
                      "arn:",
                      Object {
                        "Ref": "AWS::Partition",
                      },
                      ":iam::test:root",
                    ],
                  ],
                },
              },
            },
          ],
          "Version": "2012-10-17",
        },
        "Tags": Array [
          Object {
            "Key": "cdkManaged",
            "Value": "yes",
          },
          Object {
            "Key": "Project",
            "Value": "mijn-uitkering",
          },
        ],
      },
      "Type": "AWS::IAM::Role",
    },
    "mijnuitkeringdevelopmentPipelineAssetsFileAsset3CodePipelineActionRoleDefaultPolicyAF8A4B17": Object {
      "Properties": Object {
        "PolicyDocument": Object {
          "Statement": Array [
            Object {
              "Action": Array [
                "codebuild:BatchGetBuilds",
                "codebuild:StartBuild",
                "codebuild:StopBuild",
              ],
              "Effect": "Allow",
              "Resource": Object {
                "Fn::GetAtt": Array [
                  "mijnuitkeringdevelopmentAssetsFileAsset30D0C1251",
                  "Arn",
                ],
              },
            },
          ],
          "Version": "2012-10-17",
        },
        "PolicyName": "mijnuitkeringdevelopmentPipelineAssetsFileAsset3CodePipelineActionRoleDefaultPolicyAF8A4B17",
        "Roles": Array [
          Object {
            "Ref": "mijnuitkeringdevelopmentPipelineAssetsFileAsset3CodePipelineActionRole73D1502B",
          },
        ],
      },
      "Type": "AWS::IAM::Policy",
    },
    "mijnuitkeringdevelopmentPipelineAssetsFileAsset4CodePipelineActionRole3E7C3C96": Object {
      "Properties": Object {
        "AssumeRolePolicyDocument": Object {
          "Statement": Array [
            Object {
              "Action": "sts:AssumeRole",
              "Effect": "Allow",
              "Principal": Object {
                "AWS": Object {
                  "Fn::Join": Array [
                    "",
                    Array [
                      "arn:",
                      Object {
                        "Ref": "AWS::Partition",
                      },
                      ":iam::test:root",
                    ],
                  ],
                },
              },
            },
          ],
          "Version": "2012-10-17",
        },
        "Tags": Array [
          Object {
            "Key": "cdkManaged",
            "Value": "yes",
          },
          Object {
            "Key": "Project",
            "Value": "mijn-uitkering",
          },
        ],
      },
      "Type": "AWS::IAM::Role",
    },
    "mijnuitkeringdevelopmentPipelineAssetsFileAsset4CodePipelineActionRoleDefaultPolicyBF24A58F": Object {
      "Properties": Object {
        "PolicyDocument": Object {
          "Statement": Array [
            Object {
              "Action": Array [
                "codebuild:BatchGetBuilds",
                "codebuild:StartBuild",
                "codebuild:StopBuild",
              ],
              "Effect": "Allow",
              "Resource": Object {
                "Fn::GetAtt": Array [
                  "mijnuitkeringdevelopmentAssetsFileAsset48566A75D",
                  "Arn",
                ],
              },
            },
          ],
          "Version": "2012-10-17",
        },
        "PolicyName": "mijnuitkeringdevelopmentPipelineAssetsFileAsset4CodePipelineActionRoleDefaultPolicyBF24A58F",
        "Roles": Array [
          Object {
            "Ref": "mijnuitkeringdevelopmentPipelineAssetsFileAsset4CodePipelineActionRole3E7C3C96",
          },
        ],
      },
      "Type": "AWS::IAM::Policy",
    },
    "mijnuitkeringdevelopmentPipelineBuildSynthCdkBuildProjectD65A8BC0": Object {
      "Properties": Object {
        "Artifacts": Object {
          "Type": "CODEPIPELINE",
        },
        "Cache": Object {
          "Type": "NO_CACHE",
        },
        "EncryptionKey": Object {
          "Fn::GetAtt": Array [
            "mijnuitkeringdevelopmentPipelineArtifactsBucketEncryptionKey1738A5E3",
            "Arn",
          ],
        },
        "Environment": Object {
          "ComputeType": "BUILD_GENERAL1_SMALL",
          "EnvironmentVariables": Array [
            Object {
              "Name": "BRANCH_NAME",
              "Type": "PLAINTEXT",
              "Value": "development",
            },
          ],
          "Image": "aws/codebuild/standard:5.0",
          "ImagePullCredentialsType": "CODEBUILD",
          "PrivilegedMode": true,
          "Type": "LINUX_CONTAINER",
        },
        "ServiceRole": Object {
          "Fn::GetAtt": Array [
            "mijnuitkeringdevelopmentPipelineBuildSynthCdkBuildProjectRoleD412EDB1",
            "Arn",
          ],
        },
        "Source": Object {
          "BuildSpec": "{
  \\"version\\": \\"0.2\\",
  \\"phases\\": {
    \\"build\\": {
      \\"commands\\": [
        \\"yarn install --frozen-lockfile\\",
        \\"npx projen build\\",
        \\"npx projen synth\\"
      ]
    }
  },
  \\"artifacts\\": {
    \\"base-directory\\": \\"cdk.out\\",
    \\"files\\": \\"**/*\\"
  }
}",
          "Type": "CODEPIPELINE",
        },
        "Tags": Array [
          Object {
            "Key": "cdkManaged",
            "Value": "yes",
          },
          Object {
            "Key": "Project",
            "Value": "mijn-uitkering",
          },
        ],
      },
      "Type": "AWS::CodeBuild::Project",
    },
    "mijnuitkeringdevelopmentPipelineBuildSynthCdkBuildProjectRoleD412EDB1": Object {
      "Properties": Object {
        "AssumeRolePolicyDocument": Object {
          "Statement": Array [
            Object {
              "Action": "sts:AssumeRole",
              "Effect": "Allow",
              "Principal": Object {
                "Service": "codebuild.amazonaws.com",
              },
            },
          ],
          "Version": "2012-10-17",
        },
        "Tags": Array [
          Object {
            "Key": "cdkManaged",
            "Value": "yes",
          },
          Object {
            "Key": "Project",
            "Value": "mijn-uitkering",
          },
        ],
      },
      "Type": "AWS::IAM::Role",
    },
    "mijnuitkeringdevelopmentPipelineBuildSynthCdkBuildProjectRoleDefaultPolicy58353765": Object {
      "Properties": Object {
        "PolicyDocument": Object {
          "Statement": Array [
            Object {
              "Action": Array [
                "logs:CreateLogGroup",
                "logs:CreateLogStream",
                "logs:PutLogEvents",
              ],
              "Effect": "Allow",
              "Resource": Array [
                Object {
                  "Fn::Join": Array [
                    "",
                    Array [
                      "arn:",
                      Object {
                        "Ref": "AWS::Partition",
                      },
                      ":logs:eu-west-1:test:log-group:/aws/codebuild/",
                      Object {
                        "Ref": "mijnuitkeringdevelopmentPipelineBuildSynthCdkBuildProjectD65A8BC0",
                      },
                    ],
                  ],
                },
                Object {
                  "Fn::Join": Array [
                    "",
                    Array [
                      "arn:",
                      Object {
                        "Ref": "AWS::Partition",
                      },
                      ":logs:eu-west-1:test:log-group:/aws/codebuild/",
                      Object {
                        "Ref": "mijnuitkeringdevelopmentPipelineBuildSynthCdkBuildProjectD65A8BC0",
                      },
                      ":*",
                    ],
                  ],
                },
              ],
            },
            Object {
              "Action": Array [
                "codebuild:CreateReportGroup",
                "codebuild:CreateReport",
                "codebuild:UpdateReport",
                "codebuild:BatchPutTestCases",
                "codebuild:BatchPutCodeCoverages",
              ],
              "Effect": "Allow",
              "Resource": Object {
                "Fn::Join": Array [
                  "",
                  Array [
                    "arn:",
                    Object {
                      "Ref": "AWS::Partition",
                    },
                    ":codebuild:eu-west-1:test:report-group/",
                    Object {
                      "Ref": "mijnuitkeringdevelopmentPipelineBuildSynthCdkBuildProjectD65A8BC0",
                    },
                    "-*",
                  ],
                ],
              },
            },
            Object {
              "Action": Array [
                "s3:GetObject*",
                "s3:GetBucket*",
                "s3:List*",
                "s3:DeleteObject*",
                "s3:PutObject",
                "s3:Abort*",
              ],
              "Effect": "Allow",
              "Resource": Array [
                Object {
                  "Fn::GetAtt": Array [
                    "mijnuitkeringdevelopmentPipelineArtifactsBucket77913838",
                    "Arn",
                  ],
                },
                Object {
                  "Fn::Join": Array [
                    "",
                    Array [
                      Object {
                        "Fn::GetAtt": Array [
                          "mijnuitkeringdevelopmentPipelineArtifactsBucket77913838",
                          "Arn",
                        ],
                      },
                      "/*",
                    ],
                  ],
                },
              ],
            },
            Object {
              "Action": Array [
                "kms:Decrypt",
                "kms:DescribeKey",
                "kms:Encrypt",
                "kms:ReEncrypt*",
                "kms:GenerateDataKey*",
              ],
              "Effect": "Allow",
              "Resource": Object {
                "Fn::GetAtt": Array [
                  "mijnuitkeringdevelopmentPipelineArtifactsBucketEncryptionKey1738A5E3",
                  "Arn",
                ],
              },
            },
            Object {
              "Action": Array [
                "kms:Decrypt",
                "kms:Encrypt",
                "kms:ReEncrypt*",
                "kms:GenerateDataKey*",
              ],
              "Effect": "Allow",
              "Resource": Object {
                "Fn::GetAtt": Array [
                  "mijnuitkeringdevelopmentPipelineArtifactsBucketEncryptionKey1738A5E3",
                  "Arn",
                ],
              },
            },
          ],
          "Version": "2012-10-17",
        },
        "PolicyName": "mijnuitkeringdevelopmentPipelineBuildSynthCdkBuildProjectRoleDefaultPolicy58353765",
        "Roles": Array [
          Object {
            "Ref": "mijnuitkeringdevelopmentPipelineBuildSynthCdkBuildProjectRoleD412EDB1",
          },
        ],
      },
      "Type": "AWS::IAM::Policy",
    },
    "mijnuitkeringdevelopmentPipelineBuildSynthCodePipelineActionRole389FFF58": Object {
      "Properties": Object {
        "AssumeRolePolicyDocument": Object {
          "Statement": Array [
            Object {
              "Action": "sts:AssumeRole",
              "Effect": "Allow",
              "Principal": Object {
                "AWS": Object {
                  "Fn::Join": Array [
                    "",
                    Array [
                      "arn:",
                      Object {
                        "Ref": "AWS::Partition",
                      },
                      ":iam::test:root",
                    ],
                  ],
                },
              },
            },
          ],
          "Version": "2012-10-17",
        },
        "Tags": Array [
          Object {
            "Key": "cdkManaged",
            "Value": "yes",
          },
          Object {
            "Key": "Project",
            "Value": "mijn-uitkering",
          },
        ],
      },
      "Type": "AWS::IAM::Role",
    },
    "mijnuitkeringdevelopmentPipelineBuildSynthCodePipelineActionRoleDefaultPolicyE0B17397": Object {
      "Properties": Object {
        "PolicyDocument": Object {
          "Statement": Array [
            Object {
              "Action": Array [
                "codebuild:BatchGetBuilds",
                "codebuild:StartBuild",
                "codebuild:StopBuild",
              ],
              "Effect": "Allow",
              "Resource": Object {
                "Fn::GetAtt": Array [
                  "mijnuitkeringdevelopmentPipelineBuildSynthCdkBuildProjectD65A8BC0",
                  "Arn",
                ],
              },
            },
          ],
          "Version": "2012-10-17",
        },
        "PolicyName": "mijnuitkeringdevelopmentPipelineBuildSynthCodePipelineActionRoleDefaultPolicyE0B17397",
        "Roles": Array [
          Object {
            "Ref": "mijnuitkeringdevelopmentPipelineBuildSynthCodePipelineActionRole389FFF58",
          },
        ],
      },
      "Type": "AWS::IAM::Policy",
    },
    "mijnuitkeringdevelopmentPipelineRole061CE2BC": Object {
      "Properties": Object {
        "AssumeRolePolicyDocument": Object {
          "Statement": Array [
            Object {
              "Action": "sts:AssumeRole",
              "Effect": "Allow",
              "Principal": Object {
                "Service": "codepipeline.amazonaws.com",
              },
            },
          ],
          "Version": "2012-10-17",
        },
        "Tags": Array [
          Object {
            "Key": "cdkManaged",
            "Value": "yes",
          },
          Object {
            "Key": "Project",
            "Value": "mijn-uitkering",
          },
        ],
      },
      "Type": "AWS::IAM::Role",
    },
    "mijnuitkeringdevelopmentPipelineRoleDefaultPolicyBF7CA000": Object {
      "Properties": Object {
        "PolicyDocument": Object {
          "Statement": Array [
            Object {
              "Action": Array [
                "s3:GetObject*",
                "s3:GetBucket*",
                "s3:List*",
                "s3:DeleteObject*",
                "s3:PutObject",
                "s3:Abort*",
              ],
              "Effect": "Allow",
              "Resource": Array [
                Object {
                  "Fn::GetAtt": Array [
                    "mijnuitkeringdevelopmentPipelineArtifactsBucket77913838",
                    "Arn",
                  ],
                },
                Object {
                  "Fn::Join": Array [
                    "",
                    Array [
                      Object {
                        "Fn::GetAtt": Array [
                          "mijnuitkeringdevelopmentPipelineArtifactsBucket77913838",
                          "Arn",
                        ],
                      },
                      "/*",
                    ],
                  ],
                },
              ],
            },
            Object {
              "Action": Array [
                "kms:Decrypt",
                "kms:DescribeKey",
                "kms:Encrypt",
                "kms:ReEncrypt*",
                "kms:GenerateDataKey*",
              ],
              "Effect": "Allow",
              "Resource": Object {
                "Fn::GetAtt": Array [
                  "mijnuitkeringdevelopmentPipelineArtifactsBucketEncryptionKey1738A5E3",
                  "Arn",
                ],
              },
            },
            Object {
              "Action": "sts:AssumeRole",
              "Effect": "Allow",
              "Resource": Object {
                "Fn::GetAtt": Array [
                  "mijnuitkeringdevelopmentPipelineSourceGemeenteNijmegenmijnuitkeringCodePipelineActionRoleF238BE5A",
                  "Arn",
                ],
              },
            },
            Object {
              "Action": "sts:AssumeRole",
              "Effect": "Allow",
              "Resource": Object {
                "Fn::GetAtt": Array [
                  "mijnuitkeringdevelopmentPipelineBuildSynthCodePipelineActionRole389FFF58",
                  "Arn",
                ],
              },
            },
            Object {
              "Action": "sts:AssumeRole",
              "Effect": "Allow",
              "Resource": Object {
                "Fn::GetAtt": Array [
                  "mijnuitkeringdevelopmentPipelineUpdatePipelineSelfMutateCodePipelineActionRole3BF03BDF",
                  "Arn",
                ],
              },
            },
            Object {
              "Action": "sts:AssumeRole",
              "Effect": "Allow",
              "Resource": Object {
                "Fn::GetAtt": Array [
                  "mijnuitkeringdevelopmentPipelineAssetsFileAsset1CodePipelineActionRoleFF46E0EC",
                  "Arn",
                ],
              },
            },
            Object {
              "Action": "sts:AssumeRole",
              "Effect": "Allow",
              "Resource": Object {
                "Fn::GetAtt": Array [
                  "mijnuitkeringdevelopmentPipelineAssetsFileAsset2CodePipelineActionRole98B1CB8B",
                  "Arn",
                ],
              },
            },
            Object {
              "Action": "sts:AssumeRole",
              "Effect": "Allow",
              "Resource": Object {
                "Fn::GetAtt": Array [
                  "mijnuitkeringdevelopmentPipelineAssetsFileAsset3CodePipelineActionRole73D1502B",
                  "Arn",
                ],
              },
            },
            Object {
              "Action": "sts:AssumeRole",
              "Effect": "Allow",
              "Resource": Object {
                "Fn::GetAtt": Array [
                  "mijnuitkeringdevelopmentPipelineAssetsFileAsset4CodePipelineActionRole3E7C3C96",
                  "Arn",
                ],
              },
            },
            Object {
              "Action": "sts:AssumeRole",
              "Effect": "Allow",
              "Resource": Object {
                "Fn::Join": Array [
                  "",
                  Array [
                    "arn:",
                    Object {
                      "Ref": "AWS::Partition",
                    },
                    ":iam::test:role/cdk-hnb659fds-deploy-role-test-eu-west-1",
                  ],
                ],
              },
            },
          ],
          "Version": "2012-10-17",
        },
        "PolicyName": "mijnuitkeringdevelopmentPipelineRoleDefaultPolicyBF7CA000",
        "Roles": Array [
          Object {
            "Ref": "mijnuitkeringdevelopmentPipelineRole061CE2BC",
          },
        ],
      },
      "Type": "AWS::IAM::Policy",
    },
    "mijnuitkeringdevelopmentPipelineSourceGemeenteNijmegenmijnuitkeringCodePipelineActionRoleDefaultPolicy868D2127": Object {
      "Properties": Object {
        "PolicyDocument": Object {
          "Statement": Array [
            Object {
              "Action": "codestar-connections:UseConnection",
              "Effect": "Allow",
              "Resource": Object {
                "Ref": "connectionArn",
              },
            },
            Object {
              "Action": Array [
                "s3:GetObject*",
                "s3:GetBucket*",
                "s3:List*",
                "s3:DeleteObject*",
                "s3:PutObject",
                "s3:Abort*",
              ],
              "Effect": "Allow",
              "Resource": Array [
                Object {
                  "Fn::GetAtt": Array [
                    "mijnuitkeringdevelopmentPipelineArtifactsBucket77913838",
                    "Arn",
                  ],
                },
                Object {
                  "Fn::Join": Array [
                    "",
                    Array [
                      Object {
                        "Fn::GetAtt": Array [
                          "mijnuitkeringdevelopmentPipelineArtifactsBucket77913838",
                          "Arn",
                        ],
                      },
                      "/*",
                    ],
                  ],
                },
              ],
            },
            Object {
              "Action": Array [
                "kms:Decrypt",
                "kms:DescribeKey",
                "kms:Encrypt",
                "kms:ReEncrypt*",
                "kms:GenerateDataKey*",
              ],
              "Effect": "Allow",
              "Resource": Object {
                "Fn::GetAtt": Array [
                  "mijnuitkeringdevelopmentPipelineArtifactsBucketEncryptionKey1738A5E3",
                  "Arn",
                ],
              },
            },
            Object {
              "Action": "s3:PutObjectAcl",
              "Effect": "Allow",
              "Resource": Object {
                "Fn::Join": Array [
                  "",
                  Array [
                    Object {
                      "Fn::GetAtt": Array [
                        "mijnuitkeringdevelopmentPipelineArtifactsBucket77913838",
                        "Arn",
                      ],
                    },
                    "/*",
                  ],
                ],
              },
            },
          ],
          "Version": "2012-10-17",
        },
        "PolicyName": "mijnuitkeringdevelopmentPipelineSourceGemeenteNijmegenmijnuitkeringCodePipelineActionRoleDefaultPolicy868D2127",
        "Roles": Array [
          Object {
            "Ref": "mijnuitkeringdevelopmentPipelineSourceGemeenteNijmegenmijnuitkeringCodePipelineActionRoleF238BE5A",
          },
        ],
      },
      "Type": "AWS::IAM::Policy",
    },
    "mijnuitkeringdevelopmentPipelineSourceGemeenteNijmegenmijnuitkeringCodePipelineActionRoleF238BE5A": Object {
      "Properties": Object {
        "AssumeRolePolicyDocument": Object {
          "Statement": Array [
            Object {
              "Action": "sts:AssumeRole",
              "Effect": "Allow",
              "Principal": Object {
                "AWS": Object {
                  "Fn::Join": Array [
                    "",
                    Array [
                      "arn:",
                      Object {
                        "Ref": "AWS::Partition",
                      },
                      ":iam::test:root",
                    ],
                  ],
                },
              },
            },
          ],
          "Version": "2012-10-17",
        },
        "Tags": Array [
          Object {
            "Key": "cdkManaged",
            "Value": "yes",
          },
          Object {
            "Key": "Project",
            "Value": "mijn-uitkering",
          },
        ],
      },
      "Type": "AWS::IAM::Role",
    },
    "mijnuitkeringdevelopmentPipelineUpdatePipelineSelfMutateCodePipelineActionRole3BF03BDF": Object {
      "Properties": Object {
        "AssumeRolePolicyDocument": Object {
          "Statement": Array [
            Object {
              "Action": "sts:AssumeRole",
              "Effect": "Allow",
              "Principal": Object {
                "AWS": Object {
                  "Fn::Join": Array [
                    "",
                    Array [
                      "arn:",
                      Object {
                        "Ref": "AWS::Partition",
                      },
                      ":iam::test:root",
                    ],
                  ],
                },
              },
            },
          ],
          "Version": "2012-10-17",
        },
        "Tags": Array [
          Object {
            "Key": "cdkManaged",
            "Value": "yes",
          },
          Object {
            "Key": "Project",
            "Value": "mijn-uitkering",
          },
        ],
      },
      "Type": "AWS::IAM::Role",
    },
    "mijnuitkeringdevelopmentPipelineUpdatePipelineSelfMutateCodePipelineActionRoleDefaultPolicyC0F0257C": Object {
      "Properties": Object {
        "PolicyDocument": Object {
          "Statement": Array [
            Object {
              "Action": Array [
                "codebuild:BatchGetBuilds",
                "codebuild:StartBuild",
                "codebuild:StopBuild",
              ],
              "Effect": "Allow",
              "Resource": Object {
                "Fn::GetAtt": Array [
                  "mijnuitkeringdevelopmentUpdatePipelineSelfMutation32F3E62C",
                  "Arn",
                ],
              },
            },
          ],
          "Version": "2012-10-17",
        },
        "PolicyName": "mijnuitkeringdevelopmentPipelineUpdatePipelineSelfMutateCodePipelineActionRoleDefaultPolicyC0F0257C",
        "Roles": Array [
          Object {
            "Ref": "mijnuitkeringdevelopmentPipelineUpdatePipelineSelfMutateCodePipelineActionRole3BF03BDF",
          },
        ],
      },
      "Type": "AWS::IAM::Policy",
    },
    "mijnuitkeringdevelopmentUpdatePipelineSelfMutation32F3E62C": Object {
      "Properties": Object {
        "Artifacts": Object {
          "Type": "CODEPIPELINE",
        },
        "Cache": Object {
          "Type": "NO_CACHE",
        },
        "EncryptionKey": Object {
          "Fn::GetAtt": Array [
            "mijnuitkeringdevelopmentPipelineArtifactsBucketEncryptionKey1738A5E3",
            "Arn",
          ],
        },
        "Environment": Object {
          "ComputeType": "BUILD_GENERAL1_SMALL",
          "Image": "aws/codebuild/standard:5.0",
          "ImagePullCredentialsType": "CODEBUILD",
          "PrivilegedMode": true,
          "Type": "LINUX_CONTAINER",
        },
        "Name": "mijnuitkering-development-selfupdate",
        "ServiceRole": Object {
          "Fn::GetAtt": Array [
            "mijnuitkeringdevelopmentUpdatePipelineSelfMutationRole3F5725B0",
            "Arn",
          ],
        },
        "Source": Object {
          "BuildSpec": "{
  \\"version\\": \\"0.2\\",
  \\"phases\\": {
    \\"install\\": {
      \\"commands\\": [
        \\"npm install -g aws-cdk\\"
      ]
    },
    \\"build\\": {
      \\"commands\\": [
        \\"cdk -a . deploy test --require-approval=never --verbose\\"
      ]
    }
  }
}",
          "Type": "CODEPIPELINE",
        },
        "Tags": Array [
          Object {
            "Key": "cdkManaged",
            "Value": "yes",
          },
          Object {
            "Key": "Project",
            "Value": "mijn-uitkering",
          },
        ],
      },
      "Type": "AWS::CodeBuild::Project",
    },
    "mijnuitkeringdevelopmentUpdatePipelineSelfMutationRole3F5725B0": Object {
      "Properties": Object {
        "AssumeRolePolicyDocument": Object {
          "Statement": Array [
            Object {
              "Action": "sts:AssumeRole",
              "Effect": "Allow",
              "Principal": Object {
                "Service": "codebuild.amazonaws.com",
              },
            },
          ],
          "Version": "2012-10-17",
        },
        "Tags": Array [
          Object {
            "Key": "cdkManaged",
            "Value": "yes",
          },
          Object {
            "Key": "Project",
            "Value": "mijn-uitkering",
          },
        ],
      },
      "Type": "AWS::IAM::Role",
    },
    "mijnuitkeringdevelopmentUpdatePipelineSelfMutationRoleDefaultPolicyB5BD575F": Object {
      "Properties": Object {
        "PolicyDocument": Object {
          "Statement": Array [
            Object {
              "Action": Array [
                "logs:CreateLogGroup",
                "logs:CreateLogStream",
                "logs:PutLogEvents",
              ],
              "Effect": "Allow",
              "Resource": Array [
                Object {
                  "Fn::Join": Array [
                    "",
                    Array [
                      "arn:",
                      Object {
                        "Ref": "AWS::Partition",
                      },
                      ":logs:eu-west-1:test:log-group:/aws/codebuild/",
                      Object {
                        "Ref": "mijnuitkeringdevelopmentUpdatePipelineSelfMutation32F3E62C",
                      },
                    ],
                  ],
                },
                Object {
                  "Fn::Join": Array [
                    "",
                    Array [
                      "arn:",
                      Object {
                        "Ref": "AWS::Partition",
                      },
                      ":logs:eu-west-1:test:log-group:/aws/codebuild/",
                      Object {
                        "Ref": "mijnuitkeringdevelopmentUpdatePipelineSelfMutation32F3E62C",
                      },
                      ":*",
                    ],
                  ],
                },
              ],
            },
            Object {
              "Action": Array [
                "codebuild:CreateReportGroup",
                "codebuild:CreateReport",
                "codebuild:UpdateReport",
                "codebuild:BatchPutTestCases",
                "codebuild:BatchPutCodeCoverages",
              ],
              "Effect": "Allow",
              "Resource": Object {
                "Fn::Join": Array [
                  "",
                  Array [
                    "arn:",
                    Object {
                      "Ref": "AWS::Partition",
                    },
                    ":codebuild:eu-west-1:test:report-group/",
                    Object {
                      "Ref": "mijnuitkeringdevelopmentUpdatePipelineSelfMutation32F3E62C",
                    },
                    "-*",
                  ],
                ],
              },
            },
            Object {
              "Action": "sts:AssumeRole",
              "Condition": Object {
                "ForAnyValue:StringEquals": Object {
                  "iam:ResourceTag/aws-cdk:bootstrap-role": Array [
                    "image-publishing",
                    "file-publishing",
                    "deploy",
                  ],
                },
              },
              "Effect": "Allow",
              "Resource": "arn:*:iam::test:role/*",
            },
            Object {
              "Action": "cloudformation:DescribeStacks",
              "Effect": "Allow",
              "Resource": "*",
            },
            Object {
              "Action": "s3:ListBucket",
              "Effect": "Allow",
              "Resource": "*",
            },
            Object {
              "Action": Array [
                "s3:GetObject*",
                "s3:GetBucket*",
                "s3:List*",
              ],
              "Effect": "Allow",
              "Resource": Array [
                Object {
                  "Fn::GetAtt": Array [
                    "mijnuitkeringdevelopmentPipelineArtifactsBucket77913838",
                    "Arn",
                  ],
                },
                Object {
                  "Fn::Join": Array [
                    "",
                    Array [
                      Object {
                        "Fn::GetAtt": Array [
                          "mijnuitkeringdevelopmentPipelineArtifactsBucket77913838",
                          "Arn",
                        ],
                      },
                      "/*",
                    ],
                  ],
                },
              ],
            },
            Object {
              "Action": Array [
                "kms:Decrypt",
                "kms:DescribeKey",
              ],
              "Effect": "Allow",
              "Resource": Object {
                "Fn::GetAtt": Array [
                  "mijnuitkeringdevelopmentPipelineArtifactsBucketEncryptionKey1738A5E3",
                  "Arn",
                ],
              },
            },
            Object {
              "Action": Array [
                "kms:Decrypt",
                "kms:Encrypt",
                "kms:ReEncrypt*",
                "kms:GenerateDataKey*",
              ],
              "Effect": "Allow",
              "Resource": Object {
                "Fn::GetAtt": Array [
                  "mijnuitkeringdevelopmentPipelineArtifactsBucketEncryptionKey1738A5E3",
                  "Arn",
                ],
              },
            },
          ],
          "Version": "2012-10-17",
        },
        "PolicyName": "mijnuitkeringdevelopmentUpdatePipelineSelfMutationRoleDefaultPolicyB5BD575F",
        "Roles": Array [
          Object {
            "Ref": "mijnuitkeringdevelopmentUpdatePipelineSelfMutationRole3F5725B0",
          },
        ],
      },
      "Type": "AWS::IAM::Policy",
    },
  },
  "Rules": Object {
    "CheckBootstrapVersion": Object {
      "Assertions": Array [
        Object {
          "Assert": Object {
            "Fn::Not": Array [
              Object {
                "Fn::Contains": Array [
                  Array [
                    "1",
                    "2",
                    "3",
                    "4",
                    "5",
                  ],
                  Object {
                    "Ref": "BootstrapVersion",
                  },
                ],
              },
            ],
          },
          "AssertDescription": "CDK bootstrap stack version 6 required. Please run 'cdk bootstrap' with a recent version of the CDK CLI.",
        },
      ],
    },
  },
}
`;
