// Jest Snapshot v1, https://goo.gl/fbAQLP

exports[`Snapshot 1`] = `
Object {
  "Parameters": Object {
    "BootstrapVersion": Object {
      "Default": "/cdk-bootstrap/hnb659fds/version",
      "Description": "Version of the CDK Bootstrap resources in this environment, automatically retrieved from SSM Parameter Store. [cdk:skip]",
      "Type": "AWS::SSM::Parameter::Value<String>",
    },
    "connectionArn": Object {
      "Type": "String",
    },
  },
  "Resources": Object {
    "mijnuitkeringAssetsFileAsset1A4F7FE4E": Object {
      "Properties": Object {
        "Artifacts": Object {
          "Type": "CODEPIPELINE",
        },
        "Cache": Object {
          "Type": "NO_CACHE",
        },
        "Description": Object {
          "Fn::Join": Array [
            "",
            Array [
              "Pipeline step ",
              Object {
                "Ref": "mijnuitkeringPipelineE8D06236",
              },
              "/Assets/FileAsset1",
            ],
          ],
        },
        "EncryptionKey": Object {
          "Fn::GetAtt": Array [
            "mijnuitkeringPipelineArtifactsBucketEncryptionKey0738E820",
            "Arn",
          ],
        },
        "Environment": Object {
          "ComputeType": "BUILD_GENERAL1_SMALL",
          "Image": "aws/codebuild/standard:5.0",
          "ImagePullCredentialsType": "CODEBUILD",
          "PrivilegedMode": false,
          "Type": "LINUX_CONTAINER",
        },
        "ServiceRole": Object {
          "Fn::GetAtt": Array [
            "mijnuitkeringAssetsFileRoleFE4239F2",
            "Arn",
          ],
        },
        "Source": Object {
          "BuildSpec": "{
  \\"version\\": \\"0.2\\",
  \\"phases\\": {
    \\"install\\": {
      \\"commands\\": [
        \\"npm install -g cdk-assets@2\\"
      ]
    },
    \\"build\\": {
      \\"commands\\": [
        \\"cdk-assets --path \\\\\\"assembly-test-mijn-uitkering-api/testmijnuitkeringapiapistack7064CFE8.assets.json\\\\\\" --verbose publish \\\\\\"d1b3b3cf2708a4902d15f36b6ad2a8a9e16e2abcfcb2b02ca47ae4f32fd58aed:test-eu-west-1\\\\\\"\\"
      ]
    }
  }
}",
          "Type": "CODEPIPELINE",
        },
        "Tags": Array [
          Object {
            "Key": "cdkManaged",
            "Value": "yes",
          },
          Object {
            "Key": "Project",
            "Value": "mijn-uitkering",
          },
        ],
      },
      "Type": "AWS::CodeBuild::Project",
    },
    "mijnuitkeringAssetsFileAsset2D441CC9C": Object {
      "Properties": Object {
        "Artifacts": Object {
          "Type": "CODEPIPELINE",
        },
        "Cache": Object {
          "Type": "NO_CACHE",
        },
        "Description": Object {
          "Fn::Join": Array [
            "",
            Array [
              "Pipeline step ",
              Object {
                "Ref": "mijnuitkeringPipelineE8D06236",
              },
              "/Assets/FileAsset2",
            ],
          ],
        },
        "EncryptionKey": Object {
          "Fn::GetAtt": Array [
            "mijnuitkeringPipelineArtifactsBucketEncryptionKey0738E820",
            "Arn",
          ],
        },
        "Environment": Object {
          "ComputeType": "BUILD_GENERAL1_SMALL",
          "Image": "aws/codebuild/standard:5.0",
          "ImagePullCredentialsType": "CODEBUILD",
          "PrivilegedMode": false,
          "Type": "LINUX_CONTAINER",
        },
        "ServiceRole": Object {
          "Fn::GetAtt": Array [
            "mijnuitkeringAssetsFileRoleFE4239F2",
            "Arn",
          ],
        },
        "Source": Object {
          "BuildSpec": "{
  \\"version\\": \\"0.2\\",
  \\"phases\\": {
    \\"install\\": {
      \\"commands\\": [
        \\"npm install -g cdk-assets@2\\"
      ]
    },
    \\"build\\": {
      \\"commands\\": [
        \\"cdk-assets --path \\\\\\"assembly-test-mijn-uitkering-api/testmijnuitkeringapiapistack7064CFE8.assets.json\\\\\\" --verbose publish \\\\\\"7f4dbd5b287c75a3dc164f3ea10aecadcf5987e61bbfa917d2513ae703baa636:test-eu-west-1\\\\\\"\\"
      ]
    }
  }
}",
          "Type": "CODEPIPELINE",
        },
        "Tags": Array [
          Object {
            "Key": "cdkManaged",
            "Value": "yes",
          },
          Object {
            "Key": "Project",
            "Value": "mijn-uitkering",
          },
        ],
      },
      "Type": "AWS::CodeBuild::Project",
    },
    "mijnuitkeringAssetsFileAsset3518E99DF": Object {
      "Properties": Object {
        "Artifacts": Object {
          "Type": "CODEPIPELINE",
        },
        "Cache": Object {
          "Type": "NO_CACHE",
        },
        "Description": Object {
          "Fn::Join": Array [
            "",
            Array [
              "Pipeline step ",
              Object {
                "Ref": "mijnuitkeringPipelineE8D06236",
              },
              "/Assets/FileAsset3",
            ],
          ],
        },
        "EncryptionKey": Object {
          "Fn::GetAtt": Array [
            "mijnuitkeringPipelineArtifactsBucketEncryptionKey0738E820",
            "Arn",
          ],
        },
        "Environment": Object {
          "ComputeType": "BUILD_GENERAL1_SMALL",
          "Image": "aws/codebuild/standard:5.0",
          "ImagePullCredentialsType": "CODEBUILD",
          "PrivilegedMode": false,
          "Type": "LINUX_CONTAINER",
        },
        "ServiceRole": Object {
          "Fn::GetAtt": Array [
            "mijnuitkeringAssetsFileRoleFE4239F2",
            "Arn",
          ],
        },
        "Source": Object {
          "BuildSpec": "{
  \\"version\\": \\"0.2\\",
  \\"phases\\": {
    \\"install\\": {
      \\"commands\\": [
        \\"npm install -g cdk-assets@2\\"
      ]
    },
    \\"build\\": {
      \\"commands\\": [
        \\"cdk-assets --path \\\\\\"assembly-test-mijn-uitkering-api/testmijnuitkeringapiapistack7064CFE8.assets.json\\\\\\" --verbose publish \\\\\\"8473fb99e5c80cb9d9b7ad5ccf7cbeef9fb95bfa2f03720975668404c30da7f7:test-eu-west-1\\\\\\"\\"
      ]
    }
  }
}",
          "Type": "CODEPIPELINE",
        },
        "Tags": Array [
          Object {
            "Key": "cdkManaged",
            "Value": "yes",
          },
          Object {
            "Key": "Project",
            "Value": "mijn-uitkering",
          },
        ],
      },
      "Type": "AWS::CodeBuild::Project",
    },
    "mijnuitkeringAssetsFileRoleDefaultPolicyCCC3D92F": Object {
      "Properties": Object {
        "PolicyDocument": Object {
          "Statement": Array [
            Object {
              "Action": Array [
                "logs:CreateLogGroup",
                "logs:CreateLogStream",
                "logs:PutLogEvents",
              ],
              "Effect": "Allow",
              "Resource": Object {
                "Fn::Join": Array [
                  "",
                  Array [
                    "arn:",
                    Object {
                      "Ref": "AWS::Partition",
                    },
                    ":logs:eu-west-1:test:log-group:/aws/codebuild/*",
                  ],
                ],
              },
            },
            Object {
              "Action": Array [
                "codebuild:CreateReportGroup",
                "codebuild:CreateReport",
                "codebuild:UpdateReport",
                "codebuild:BatchPutTestCases",
                "codebuild:BatchPutCodeCoverages",
              ],
              "Effect": "Allow",
              "Resource": Object {
                "Fn::Join": Array [
                  "",
                  Array [
                    "arn:",
                    Object {
                      "Ref": "AWS::Partition",
                    },
                    ":codebuild:eu-west-1:test:report-group/*",
                  ],
                ],
              },
            },
            Object {
              "Action": Array [
                "codebuild:BatchGetBuilds",
                "codebuild:StartBuild",
                "codebuild:StopBuild",
              ],
              "Effect": "Allow",
              "Resource": "*",
            },
            Object {
              "Action": "sts:AssumeRole",
              "Effect": "Allow",
              "Resource": Array [
                Object {
                  "Fn::Sub": "arn:\${AWS::Partition}:iam::test:role/cdk-hnb659fds-file-publishing-role-test-eu-west-1",
                },
              ],
            },
            Object {
              "Action": Array [
                "s3:GetObject*",
                "s3:GetBucket*",
                "s3:List*",
              ],
              "Effect": "Allow",
              "Resource": Array [
                Object {
                  "Fn::GetAtt": Array [
                    "mijnuitkeringPipelineArtifactsBucketA36B7DD3",
                    "Arn",
                  ],
                },
                Object {
                  "Fn::Join": Array [
                    "",
                    Array [
                      Object {
                        "Fn::GetAtt": Array [
                          "mijnuitkeringPipelineArtifactsBucketA36B7DD3",
                          "Arn",
                        ],
                      },
                      "/*",
                    ],
                  ],
                },
              ],
            },
            Object {
              "Action": Array [
                "kms:Decrypt",
                "kms:DescribeKey",
              ],
              "Effect": "Allow",
              "Resource": Object {
                "Fn::GetAtt": Array [
                  "mijnuitkeringPipelineArtifactsBucketEncryptionKey0738E820",
                  "Arn",
                ],
              },
            },
          ],
          "Version": "2012-10-17",
        },
        "PolicyName": "mijnuitkeringAssetsFileRoleDefaultPolicyCCC3D92F",
        "Roles": Array [
          Object {
            "Ref": "mijnuitkeringAssetsFileRoleFE4239F2",
          },
        ],
      },
      "Type": "AWS::IAM::Policy",
    },
    "mijnuitkeringAssetsFileRoleFE4239F2": Object {
      "Properties": Object {
        "AssumeRolePolicyDocument": Object {
          "Statement": Array [
            Object {
              "Action": "sts:AssumeRole",
              "Effect": "Allow",
              "Principal": Object {
                "Service": "codebuild.amazonaws.com",
              },
            },
            Object {
              "Action": "sts:AssumeRole",
              "Effect": "Allow",
              "Principal": Object {
                "AWS": Object {
                  "Fn::Join": Array [
                    "",
                    Array [
                      "arn:",
                      Object {
                        "Ref": "AWS::Partition",
                      },
                      ":iam::test:root",
                    ],
                  ],
                },
              },
            },
          ],
          "Version": "2012-10-17",
        },
        "Tags": Array [
          Object {
            "Key": "cdkManaged",
            "Value": "yes",
          },
          Object {
            "Key": "Project",
            "Value": "mijn-uitkering",
          },
        ],
      },
      "Type": "AWS::IAM::Role",
    },
    "mijnuitkeringPipelineArtifactsBucketA36B7DD3": Object {
      "DeletionPolicy": "Retain",
      "Properties": Object {
        "BucketEncryption": Object {
          "ServerSideEncryptionConfiguration": Array [
            Object {
              "ServerSideEncryptionByDefault": Object {
                "KMSMasterKeyID": Object {
                  "Fn::GetAtt": Array [
                    "mijnuitkeringPipelineArtifactsBucketEncryptionKey0738E820",
                    "Arn",
                  ],
                },
                "SSEAlgorithm": "aws:kms",
              },
            },
          ],
        },
        "PublicAccessBlockConfiguration": Object {
          "BlockPublicAcls": true,
          "BlockPublicPolicy": true,
          "IgnorePublicAcls": true,
          "RestrictPublicBuckets": true,
        },
        "Tags": Array [
          Object {
            "Key": "cdkManaged",
            "Value": "yes",
          },
          Object {
            "Key": "Project",
            "Value": "mijn-uitkering",
          },
        ],
      },
      "Type": "AWS::S3::Bucket",
      "UpdateReplacePolicy": "Retain",
    },
    "mijnuitkeringPipelineArtifactsBucketEncryptionKey0738E820": Object {
      "DeletionPolicy": "Delete",
      "Properties": Object {
        "KeyPolicy": Object {
          "Statement": Array [
            Object {
              "Action": "kms:*",
              "Effect": "Allow",
              "Principal": Object {
                "AWS": Object {
                  "Fn::Join": Array [
                    "",
                    Array [
                      "arn:",
                      Object {
                        "Ref": "AWS::Partition",
                      },
                      ":iam::test:root",
                    ],
                  ],
                },
              },
              "Resource": "*",
            },
            Object {
              "Action": Array [
                "kms:Decrypt",
                "kms:DescribeKey",
              ],
              "Effect": "Allow",
              "Principal": Object {
                "AWS": Object {
                  "Fn::Join": Array [
                    "",
                    Array [
                      "arn:",
                      Object {
                        "Ref": "AWS::Partition",
                      },
                      ":iam::test:role/cdk-hnb659fds-deploy-role-test-eu-west-1",
                    ],
                  ],
                },
              },
              "Resource": "*",
            },
          ],
          "Version": "2012-10-17",
        },
        "Tags": Array [
          Object {
            "Key": "cdkManaged",
            "Value": "yes",
          },
          Object {
            "Key": "Project",
            "Value": "mijn-uitkering",
          },
        ],
      },
      "Type": "AWS::KMS::Key",
      "UpdateReplacePolicy": "Delete",
    },
    "mijnuitkeringPipelineArtifactsBucketEncryptionKeyAlias2D9AE8BE": Object {
      "DeletionPolicy": "Delete",
      "Properties": Object {
        "AliasName": "alias/codepipeline-testmijnuitkeringpipeline91861941",
        "TargetKeyId": Object {
          "Fn::GetAtt": Array [
            "mijnuitkeringPipelineArtifactsBucketEncryptionKey0738E820",
            "Arn",
          ],
        },
      },
      "Type": "AWS::KMS::Alias",
      "UpdateReplacePolicy": "Delete",
    },
    "mijnuitkeringPipelineArtifactsBucketPolicy6102C878": Object {
      "Properties": Object {
        "Bucket": Object {
          "Ref": "mijnuitkeringPipelineArtifactsBucketA36B7DD3",
        },
        "PolicyDocument": Object {
          "Statement": Array [
            Object {
              "Action": "s3:*",
              "Condition": Object {
                "Bool": Object {
                  "aws:SecureTransport": "false",
                },
              },
              "Effect": "Deny",
              "Principal": Object {
                "AWS": "*",
              },
              "Resource": Array [
                Object {
                  "Fn::GetAtt": Array [
                    "mijnuitkeringPipelineArtifactsBucketA36B7DD3",
                    "Arn",
                  ],
                },
                Object {
                  "Fn::Join": Array [
                    "",
                    Array [
                      Object {
                        "Fn::GetAtt": Array [
                          "mijnuitkeringPipelineArtifactsBucketA36B7DD3",
                          "Arn",
                        ],
                      },
                      "/*",
                    ],
                  ],
                },
              ],
            },
            Object {
              "Action": Array [
                "s3:GetObject*",
                "s3:GetBucket*",
                "s3:List*",
              ],
              "Effect": "Allow",
              "Principal": Object {
                "AWS": Object {
                  "Fn::Join": Array [
                    "",
                    Array [
                      "arn:",
                      Object {
                        "Ref": "AWS::Partition",
                      },
                      ":iam::test:role/cdk-hnb659fds-deploy-role-test-eu-west-1",
                    ],
                  ],
                },
              },
              "Resource": Array [
                Object {
                  "Fn::GetAtt": Array [
                    "mijnuitkeringPipelineArtifactsBucketA36B7DD3",
                    "Arn",
                  ],
                },
                Object {
                  "Fn::Join": Array [
                    "",
                    Array [
                      Object {
                        "Fn::GetAtt": Array [
                          "mijnuitkeringPipelineArtifactsBucketA36B7DD3",
                          "Arn",
                        ],
                      },
                      "/*",
                    ],
                  ],
                },
              ],
            },
          ],
          "Version": "2012-10-17",
        },
      },
      "Type": "AWS::S3::BucketPolicy",
    },
    "mijnuitkeringPipelineAssetsFileAsset1CodePipelineActionRole95AACD1F": Object {
      "Properties": Object {
        "AssumeRolePolicyDocument": Object {
          "Statement": Array [
            Object {
              "Action": "sts:AssumeRole",
              "Effect": "Allow",
              "Principal": Object {
                "AWS": Object {
                  "Fn::Join": Array [
                    "",
                    Array [
                      "arn:",
                      Object {
                        "Ref": "AWS::Partition",
                      },
                      ":iam::test:root",
                    ],
                  ],
                },
              },
            },
          ],
          "Version": "2012-10-17",
        },
        "Tags": Array [
          Object {
            "Key": "cdkManaged",
            "Value": "yes",
          },
          Object {
            "Key": "Project",
            "Value": "mijn-uitkering",
          },
        ],
      },
      "Type": "AWS::IAM::Role",
    },
    "mijnuitkeringPipelineAssetsFileAsset1CodePipelineActionRoleDefaultPolicy7EB76FA7": Object {
      "Properties": Object {
        "PolicyDocument": Object {
          "Statement": Array [
            Object {
              "Action": Array [
                "codebuild:BatchGetBuilds",
                "codebuild:StartBuild",
                "codebuild:StopBuild",
              ],
              "Effect": "Allow",
              "Resource": Object {
                "Fn::GetAtt": Array [
                  "mijnuitkeringAssetsFileAsset1A4F7FE4E",
                  "Arn",
                ],
              },
            },
          ],
          "Version": "2012-10-17",
        },
        "PolicyName": "mijnuitkeringPipelineAssetsFileAsset1CodePipelineActionRoleDefaultPolicy7EB76FA7",
        "Roles": Array [
          Object {
            "Ref": "mijnuitkeringPipelineAssetsFileAsset1CodePipelineActionRole95AACD1F",
          },
        ],
      },
      "Type": "AWS::IAM::Policy",
    },
    "mijnuitkeringPipelineAssetsFileAsset2CodePipelineActionRole74C20B4C": Object {
      "Properties": Object {
        "AssumeRolePolicyDocument": Object {
          "Statement": Array [
            Object {
              "Action": "sts:AssumeRole",
              "Effect": "Allow",
              "Principal": Object {
                "AWS": Object {
                  "Fn::Join": Array [
                    "",
                    Array [
                      "arn:",
                      Object {
                        "Ref": "AWS::Partition",
                      },
                      ":iam::test:root",
                    ],
                  ],
                },
              },
            },
          ],
          "Version": "2012-10-17",
        },
        "Tags": Array [
          Object {
            "Key": "cdkManaged",
            "Value": "yes",
          },
          Object {
            "Key": "Project",
            "Value": "mijn-uitkering",
          },
        ],
      },
      "Type": "AWS::IAM::Role",
    },
    "mijnuitkeringPipelineAssetsFileAsset2CodePipelineActionRoleDefaultPolicy7E9323E9": Object {
      "Properties": Object {
        "PolicyDocument": Object {
          "Statement": Array [
            Object {
              "Action": Array [
                "codebuild:BatchGetBuilds",
                "codebuild:StartBuild",
                "codebuild:StopBuild",
              ],
              "Effect": "Allow",
              "Resource": Object {
                "Fn::GetAtt": Array [
                  "mijnuitkeringAssetsFileAsset2D441CC9C",
                  "Arn",
                ],
              },
            },
          ],
          "Version": "2012-10-17",
        },
        "PolicyName": "mijnuitkeringPipelineAssetsFileAsset2CodePipelineActionRoleDefaultPolicy7E9323E9",
        "Roles": Array [
          Object {
            "Ref": "mijnuitkeringPipelineAssetsFileAsset2CodePipelineActionRole74C20B4C",
          },
        ],
      },
      "Type": "AWS::IAM::Policy",
    },
    "mijnuitkeringPipelineAssetsFileAsset3CodePipelineActionRoleDefaultPolicyDA182D49": Object {
      "Properties": Object {
        "PolicyDocument": Object {
          "Statement": Array [
            Object {
              "Action": Array [
                "codebuild:BatchGetBuilds",
                "codebuild:StartBuild",
                "codebuild:StopBuild",
              ],
              "Effect": "Allow",
              "Resource": Object {
                "Fn::GetAtt": Array [
                  "mijnuitkeringAssetsFileAsset3518E99DF",
                  "Arn",
                ],
              },
            },
          ],
          "Version": "2012-10-17",
        },
        "PolicyName": "mijnuitkeringPipelineAssetsFileAsset3CodePipelineActionRoleDefaultPolicyDA182D49",
        "Roles": Array [
          Object {
            "Ref": "mijnuitkeringPipelineAssetsFileAsset3CodePipelineActionRoleEDF3D555",
          },
        ],
      },
      "Type": "AWS::IAM::Policy",
    },
    "mijnuitkeringPipelineAssetsFileAsset3CodePipelineActionRoleEDF3D555": Object {
      "Properties": Object {
        "AssumeRolePolicyDocument": Object {
          "Statement": Array [
            Object {
              "Action": "sts:AssumeRole",
              "Effect": "Allow",
              "Principal": Object {
                "AWS": Object {
                  "Fn::Join": Array [
                    "",
                    Array [
                      "arn:",
                      Object {
                        "Ref": "AWS::Partition",
                      },
                      ":iam::test:root",
                    ],
                  ],
                },
              },
            },
          ],
          "Version": "2012-10-17",
        },
        "Tags": Array [
          Object {
            "Key": "cdkManaged",
            "Value": "yes",
          },
          Object {
            "Key": "Project",
            "Value": "mijn-uitkering",
          },
        ],
      },
      "Type": "AWS::IAM::Role",
    },
    "mijnuitkeringPipelineBuildSynthCdkBuildProject56C95614": Object {
      "Properties": Object {
        "Artifacts": Object {
          "Type": "CODEPIPELINE",
        },
        "Cache": Object {
          "Type": "NO_CACHE",
        },
        "Description": Object {
          "Fn::Join": Array [
            "",
            Array [
              "Pipeline step ",
              Object {
                "Ref": "mijnuitkeringPipelineE8D06236",
              },
              "/Build/Synth",
            ],
          ],
        },
        "EncryptionKey": Object {
          "Fn::GetAtt": Array [
            "mijnuitkeringPipelineArtifactsBucketEncryptionKey0738E820",
            "Arn",
          ],
        },
        "Environment": Object {
          "ComputeType": "BUILD_GENERAL1_SMALL",
          "EnvironmentVariables": Array [
            Object {
              "Name": "BRANCH_NAME",
              "Type": "PLAINTEXT",
              "Value": "development",
            },
          ],
          "Image": "aws/codebuild/standard:5.0",
          "ImagePullCredentialsType": "CODEBUILD",
          "PrivilegedMode": true,
          "Type": "LINUX_CONTAINER",
        },
        "ServiceRole": Object {
          "Fn::GetAtt": Array [
            "mijnuitkeringPipelineBuildSynthCdkBuildProjectRole7A7D3A38",
            "Arn",
          ],
        },
        "Source": Object {
          "BuildSpec": "{
  \\"version\\": \\"0.2\\",
  \\"phases\\": {
    \\"build\\": {
      \\"commands\\": [
        \\"yarn install --frozen-lockfile\\",
        \\"npx projen build\\",
        \\"npx projen synth\\"
      ]
    }
  },
  \\"artifacts\\": {
    \\"base-directory\\": \\"cdk.out\\",
    \\"files\\": \\"**/*\\"
  }
}",
          "Type": "CODEPIPELINE",
        },
        "Tags": Array [
          Object {
            "Key": "cdkManaged",
            "Value": "yes",
          },
          Object {
            "Key": "Project",
            "Value": "mijn-uitkering",
          },
        ],
      },
      "Type": "AWS::CodeBuild::Project",
    },
    "mijnuitkeringPipelineBuildSynthCdkBuildProjectRole7A7D3A38": Object {
      "Properties": Object {
        "AssumeRolePolicyDocument": Object {
          "Statement": Array [
            Object {
              "Action": "sts:AssumeRole",
              "Effect": "Allow",
              "Principal": Object {
                "Service": "codebuild.amazonaws.com",
              },
            },
          ],
          "Version": "2012-10-17",
        },
        "Tags": Array [
          Object {
            "Key": "cdkManaged",
            "Value": "yes",
          },
          Object {
            "Key": "Project",
            "Value": "mijn-uitkering",
          },
        ],
      },
      "Type": "AWS::IAM::Role",
    },
    "mijnuitkeringPipelineBuildSynthCdkBuildProjectRoleDefaultPolicy60C5B643": Object {
      "Properties": Object {
        "PolicyDocument": Object {
          "Statement": Array [
            Object {
              "Action": Array [
                "logs:CreateLogGroup",
                "logs:CreateLogStream",
                "logs:PutLogEvents",
              ],
              "Effect": "Allow",
              "Resource": Array [
                Object {
                  "Fn::Join": Array [
                    "",
                    Array [
                      "arn:",
                      Object {
                        "Ref": "AWS::Partition",
                      },
                      ":logs:eu-west-1:test:log-group:/aws/codebuild/",
                      Object {
                        "Ref": "mijnuitkeringPipelineBuildSynthCdkBuildProject56C95614",
                      },
                    ],
                  ],
                },
                Object {
                  "Fn::Join": Array [
                    "",
                    Array [
                      "arn:",
                      Object {
                        "Ref": "AWS::Partition",
                      },
                      ":logs:eu-west-1:test:log-group:/aws/codebuild/",
                      Object {
                        "Ref": "mijnuitkeringPipelineBuildSynthCdkBuildProject56C95614",
                      },
                      ":*",
                    ],
                  ],
                },
              ],
            },
            Object {
              "Action": Array [
                "codebuild:CreateReportGroup",
                "codebuild:CreateReport",
                "codebuild:UpdateReport",
                "codebuild:BatchPutTestCases",
                "codebuild:BatchPutCodeCoverages",
              ],
              "Effect": "Allow",
              "Resource": Object {
                "Fn::Join": Array [
                  "",
                  Array [
                    "arn:",
                    Object {
                      "Ref": "AWS::Partition",
                    },
                    ":codebuild:eu-west-1:test:report-group/",
                    Object {
                      "Ref": "mijnuitkeringPipelineBuildSynthCdkBuildProject56C95614",
                    },
                    "-*",
                  ],
                ],
              },
            },
            Object {
              "Action": Array [
                "s3:GetObject*",
                "s3:GetBucket*",
                "s3:List*",
                "s3:DeleteObject*",
                "s3:PutObject",
                "s3:Abort*",
              ],
              "Effect": "Allow",
              "Resource": Array [
                Object {
                  "Fn::GetAtt": Array [
                    "mijnuitkeringPipelineArtifactsBucketA36B7DD3",
                    "Arn",
                  ],
                },
                Object {
                  "Fn::Join": Array [
                    "",
                    Array [
                      Object {
                        "Fn::GetAtt": Array [
                          "mijnuitkeringPipelineArtifactsBucketA36B7DD3",
                          "Arn",
                        ],
                      },
                      "/*",
                    ],
                  ],
                },
              ],
            },
            Object {
              "Action": Array [
                "kms:Decrypt",
                "kms:DescribeKey",
                "kms:Encrypt",
                "kms:ReEncrypt*",
                "kms:GenerateDataKey*",
              ],
              "Effect": "Allow",
              "Resource": Object {
                "Fn::GetAtt": Array [
                  "mijnuitkeringPipelineArtifactsBucketEncryptionKey0738E820",
                  "Arn",
                ],
              },
            },
            Object {
              "Action": Array [
                "kms:Decrypt",
                "kms:Encrypt",
                "kms:ReEncrypt*",
                "kms:GenerateDataKey*",
              ],
              "Effect": "Allow",
              "Resource": Object {
                "Fn::GetAtt": Array [
                  "mijnuitkeringPipelineArtifactsBucketEncryptionKey0738E820",
                  "Arn",
                ],
              },
            },
          ],
          "Version": "2012-10-17",
        },
        "PolicyName": "mijnuitkeringPipelineBuildSynthCdkBuildProjectRoleDefaultPolicy60C5B643",
        "Roles": Array [
          Object {
            "Ref": "mijnuitkeringPipelineBuildSynthCdkBuildProjectRole7A7D3A38",
          },
        ],
      },
      "Type": "AWS::IAM::Policy",
    },
    "mijnuitkeringPipelineBuildSynthCodePipelineActionRole54658168": Object {
      "Properties": Object {
        "AssumeRolePolicyDocument": Object {
          "Statement": Array [
            Object {
              "Action": "sts:AssumeRole",
              "Effect": "Allow",
              "Principal": Object {
                "AWS": Object {
                  "Fn::Join": Array [
                    "",
                    Array [
                      "arn:",
                      Object {
                        "Ref": "AWS::Partition",
                      },
                      ":iam::test:root",
                    ],
                  ],
                },
              },
            },
          ],
          "Version": "2012-10-17",
        },
        "Tags": Array [
          Object {
            "Key": "cdkManaged",
            "Value": "yes",
          },
          Object {
            "Key": "Project",
            "Value": "mijn-uitkering",
          },
        ],
      },
      "Type": "AWS::IAM::Role",
    },
    "mijnuitkeringPipelineBuildSynthCodePipelineActionRoleDefaultPolicy1C003027": Object {
      "Properties": Object {
        "PolicyDocument": Object {
          "Statement": Array [
            Object {
              "Action": Array [
                "codebuild:BatchGetBuilds",
                "codebuild:StartBuild",
                "codebuild:StopBuild",
              ],
              "Effect": "Allow",
              "Resource": Object {
                "Fn::GetAtt": Array [
                  "mijnuitkeringPipelineBuildSynthCdkBuildProject56C95614",
                  "Arn",
                ],
              },
            },
          ],
          "Version": "2012-10-17",
        },
        "PolicyName": "mijnuitkeringPipelineBuildSynthCodePipelineActionRoleDefaultPolicy1C003027",
        "Roles": Array [
          Object {
            "Ref": "mijnuitkeringPipelineBuildSynthCodePipelineActionRole54658168",
          },
        ],
      },
      "Type": "AWS::IAM::Policy",
    },
    "mijnuitkeringPipelineE8D06236": Object {
      "DependsOn": Array [
        "mijnuitkeringPipelineRoleDefaultPolicyFD649C98",
        "mijnuitkeringPipelineRoleCCFC537C",
      ],
      "Properties": Object {
        "ArtifactStore": Object {
          "EncryptionKey": Object {
            "Id": Object {
              "Fn::GetAtt": Array [
                "mijnuitkeringPipelineArtifactsBucketEncryptionKey0738E820",
                "Arn",
              ],
            },
            "Type": "KMS",
          },
          "Location": Object {
            "Ref": "mijnuitkeringPipelineArtifactsBucketA36B7DD3",
          },
          "Type": "S3",
        },
        "Name": "mijn-uitkering",
        "RestartExecutionOnUpdate": true,
        "RoleArn": Object {
          "Fn::GetAtt": Array [
            "mijnuitkeringPipelineRoleCCFC537C",
            "Arn",
          ],
        },
        "Stages": Array [
          Object {
            "Actions": Array [
              Object {
                "ActionTypeId": Object {
                  "Category": "Source",
                  "Owner": "AWS",
                  "Provider": "CodeStarSourceConnection",
                  "Version": "1",
                },
                "Configuration": Object {
                  "BranchName": "development",
                  "ConnectionArn": Object {
                    "Ref": "connectionArn",
                  },
                  "FullRepositoryId": "GemeenteNijmegen/mijn-uitkering",
                },
                "Name": "GemeenteNijmegen_mijn-uitkering",
                "OutputArtifacts": Array [
                  Object {
                    "Name": "GemeenteNijmegen_mijn_uitkering_Source",
                  },
                ],
                "RoleArn": Object {
                  "Fn::GetAtt": Array [
                    "mijnuitkeringPipelineSourceGemeenteNijmegenmijnuitkeringCodePipelineActionRoleBF572F45",
                    "Arn",
                  ],
                },
                "RunOrder": 1,
              },
            ],
            "Name": "Source",
          },
          Object {
            "Actions": Array [
              Object {
                "ActionTypeId": Object {
                  "Category": "Build",
                  "Owner": "AWS",
                  "Provider": "CodeBuild",
                  "Version": "1",
                },
                "Configuration": Object {
                  "EnvironmentVariables": "[{\\"name\\":\\"_PROJECT_CONFIG_HASH\\",\\"type\\":\\"PLAINTEXT\\",\\"value\\":\\"408c2abba59dfe79726f604b5e4be80679cd98aa85c921835e5a1ab7ac11177f\\"}]",
                  "ProjectName": Object {
                    "Ref": "mijnuitkeringPipelineBuildSynthCdkBuildProject56C95614",
                  },
                },
                "InputArtifacts": Array [
                  Object {
                    "Name": "GemeenteNijmegen_mijn_uitkering_Source",
                  },
                ],
                "Name": "Synth",
                "OutputArtifacts": Array [
                  Object {
                    "Name": "Synth_Output",
                  },
                ],
                "RoleArn": Object {
                  "Fn::GetAtt": Array [
                    "mijnuitkeringPipelineBuildSynthCodePipelineActionRole54658168",
                    "Arn",
                  ],
                },
                "RunOrder": 1,
              },
            ],
            "Name": "Build",
          },
          Object {
            "Actions": Array [
              Object {
                "ActionTypeId": Object {
                  "Category": "Build",
                  "Owner": "AWS",
                  "Provider": "CodeBuild",
                  "Version": "1",
                },
                "Configuration": Object {
                  "EnvironmentVariables": "[{\\"name\\":\\"_PROJECT_CONFIG_HASH\\",\\"type\\":\\"PLAINTEXT\\",\\"value\\":\\"3da127aa189deb54d8c0980cc729eac900f60d30510349b54f3361e2131edba9\\"}]",
                  "ProjectName": Object {
                    "Ref": "mijnuitkeringUpdatePipelineSelfMutationABAB1C95",
                  },
                },
                "InputArtifacts": Array [
                  Object {
                    "Name": "Synth_Output",
                  },
                ],
                "Name": "SelfMutate",
                "RoleArn": Object {
                  "Fn::GetAtt": Array [
                    "mijnuitkeringPipelineUpdatePipelineSelfMutateCodePipelineActionRole8CF38B71",
                    "Arn",
                  ],
                },
                "RunOrder": 1,
              },
            ],
            "Name": "UpdatePipeline",
          },
          Object {
            "Actions": Array [
              Object {
                "ActionTypeId": Object {
                  "Category": "Build",
                  "Owner": "AWS",
                  "Provider": "CodeBuild",
                  "Version": "1",
                },
                "Configuration": Object {
                  "ProjectName": Object {
                    "Ref": "mijnuitkeringAssetsFileAsset1A4F7FE4E",
                  },
                },
                "InputArtifacts": Array [
                  Object {
                    "Name": "Synth_Output",
                  },
                ],
                "Name": "FileAsset1",
                "RoleArn": Object {
                  "Fn::GetAtt": Array [
                    "mijnuitkeringPipelineAssetsFileAsset1CodePipelineActionRole95AACD1F",
                    "Arn",
                  ],
                },
                "RunOrder": 1,
              },
              Object {
                "ActionTypeId": Object {
                  "Category": "Build",
                  "Owner": "AWS",
                  "Provider": "CodeBuild",
                  "Version": "1",
                },
                "Configuration": Object {
                  "ProjectName": Object {
                    "Ref": "mijnuitkeringAssetsFileAsset2D441CC9C",
                  },
                },
                "InputArtifacts": Array [
                  Object {
                    "Name": "Synth_Output",
                  },
                ],
                "Name": "FileAsset2",
                "RoleArn": Object {
                  "Fn::GetAtt": Array [
                    "mijnuitkeringPipelineAssetsFileAsset2CodePipelineActionRole74C20B4C",
                    "Arn",
                  ],
                },
                "RunOrder": 1,
              },
              Object {
                "ActionTypeId": Object {
                  "Category": "Build",
                  "Owner": "AWS",
                  "Provider": "CodeBuild",
                  "Version": "1",
                },
                "Configuration": Object {
                  "ProjectName": Object {
                    "Ref": "mijnuitkeringAssetsFileAsset3518E99DF",
                  },
                },
                "InputArtifacts": Array [
                  Object {
                    "Name": "Synth_Output",
                  },
                ],
                "Name": "FileAsset3",
                "RoleArn": Object {
                  "Fn::GetAtt": Array [
                    "mijnuitkeringPipelineAssetsFileAsset3CodePipelineActionRoleEDF3D555",
                    "Arn",
                  ],
                },
                "RunOrder": 1,
              },
            ],
            "Name": "Assets",
          },
          Object {
            "Actions": Array [
              Object {
                "ActionTypeId": Object {
                  "Category": "Deploy",
                  "Owner": "AWS",
                  "Provider": "CloudFormation",
                  "Version": "1",
                },
                "Configuration": Object {
                  "ActionMode": "CHANGE_SET_REPLACE",
                  "Capabilities": "CAPABILITY_NAMED_IAM,CAPABILITY_AUTO_EXPAND",
                  "ChangeSetName": "PipelineChange",
                  "RoleArn": Object {
                    "Fn::Join": Array [
                      "",
                      Array [
                        "arn:",
                        Object {
                          "Ref": "AWS::Partition",
                        },
                        ":iam::test:role/cdk-hnb659fds-cfn-exec-role-test-eu-west-1",
                      ],
                    ],
                  },
                  "StackName": "mijn-uitkering-parameters-params",
                  "TemplateConfiguration": "Synth_Output::assembly-test-mijn-uitkering-parameters/testmijnuitkeringparametersparamsEF3D5485.template.json.config.json",
                  "TemplatePath": "Synth_Output::assembly-test-mijn-uitkering-parameters/testmijnuitkeringparametersparamsEF3D5485.template.json",
                },
                "InputArtifacts": Array [
                  Object {
                    "Name": "Synth_Output",
                  },
                ],
                "Name": "Prepare",
                "RoleArn": Object {
                  "Fn::Join": Array [
                    "",
                    Array [
                      "arn:",
                      Object {
                        "Ref": "AWS::Partition",
                      },
                      ":iam::test:role/cdk-hnb659fds-deploy-role-test-eu-west-1",
                    ],
                  ],
                },
                "RunOrder": 1,
              },
              Object {
                "ActionTypeId": Object {
                  "Category": "Deploy",
                  "Owner": "AWS",
                  "Provider": "CloudFormation",
                  "Version": "1",
                },
                "Configuration": Object {
                  "ActionMode": "CHANGE_SET_EXECUTE",
                  "ChangeSetName": "PipelineChange",
                  "StackName": "mijn-uitkering-parameters-params",
                },
                "Name": "Deploy",
                "RoleArn": Object {
                  "Fn::Join": Array [
                    "",
                    Array [
                      "arn:",
                      Object {
                        "Ref": "AWS::Partition",
                      },
                      ":iam::test:role/cdk-hnb659fds-deploy-role-test-eu-west-1",
                    ],
                  ],
                },
                "RunOrder": 2,
              },
            ],
            "Name": "mijn-uitkering-parameters",
          },
          Object {
            "Actions": Array [
              Object {
                "ActionTypeId": Object {
                  "Category": "Deploy",
                  "Owner": "AWS",
                  "Provider": "CloudFormation",
                  "Version": "1",
                },
                "Configuration": Object {
                  "ActionMode": "CHANGE_SET_REPLACE",
                  "Capabilities": "CAPABILITY_NAMED_IAM,CAPABILITY_AUTO_EXPAND",
                  "ChangeSetName": "PipelineChange",
                  "RoleArn": Object {
                    "Fn::Join": Array [
                      "",
                      Array [
                        "arn:",
                        Object {
                          "Ref": "AWS::Partition",
                        },
                        ":iam::test:role/cdk-hnb659fds-cfn-exec-role-test-eu-west-1",
                      ],
                    ],
                  },
                  "StackName": "mijn-uitkering-api-sessions-stack",
                  "TemplatePath": "Synth_Output::assembly-test-mijn-uitkering-api/testmijnuitkeringapisessionsstackE5C35BBB.template.json",
                },
                "InputArtifacts": Array [
                  Object {
                    "Name": "Synth_Output",
                  },
                ],
                "Name": "sessions-stack.Prepare",
                "RoleArn": Object {
                  "Fn::Join": Array [
                    "",
                    Array [
                      "arn:",
                      Object {
                        "Ref": "AWS::Partition",
                      },
                      ":iam::test:role/cdk-hnb659fds-deploy-role-test-eu-west-1",
                    ],
                  ],
                },
                "RunOrder": 1,
              },
              Object {
                "ActionTypeId": Object {
                  "Category": "Deploy",
                  "Owner": "AWS",
                  "Provider": "CloudFormation",
                  "Version": "1",
                },
                "Configuration": Object {
                  "ActionMode": "CHANGE_SET_EXECUTE",
                  "ChangeSetName": "PipelineChange",
                  "StackName": "mijn-uitkering-api-sessions-stack",
                },
                "Name": "sessions-stack.Deploy",
                "RoleArn": Object {
                  "Fn::Join": Array [
                    "",
                    Array [
                      "arn:",
                      Object {
                        "Ref": "AWS::Partition",
                      },
                      ":iam::test:role/cdk-hnb659fds-deploy-role-test-eu-west-1",
                    ],
                  ],
                },
                "RunOrder": 2,
              },
              Object {
                "ActionTypeId": Object {
                  "Category": "Deploy",
                  "Owner": "AWS",
                  "Provider": "CloudFormation",
                  "Version": "1",
                },
                "Configuration": Object {
                  "ActionMode": "CHANGE_SET_REPLACE",
                  "Capabilities": "CAPABILITY_NAMED_IAM,CAPABILITY_AUTO_EXPAND",
                  "ChangeSetName": "PipelineChange",
                  "RoleArn": Object {
                    "Fn::Join": Array [
                      "",
                      Array [
                        "arn:",
                        Object {
                          "Ref": "AWS::Partition",
                        },
                        ":iam::test:role/cdk-hnb659fds-cfn-exec-role-test-eu-west-1",
                      ],
                    ],
                  },
                  "StackName": "mijn-uitkering-api-api-stack",
                  "TemplatePath": "Synth_Output::assembly-test-mijn-uitkering-api/testmijnuitkeringapiapistack7064CFE8.template.json",
                },
                "InputArtifacts": Array [
                  Object {
                    "Name": "Synth_Output",
                  },
                ],
                "Name": "api-stack.Prepare",
                "RoleArn": Object {
                  "Fn::Join": Array [
                    "",
                    Array [
                      "arn:",
                      Object {
                        "Ref": "AWS::Partition",
                      },
                      ":iam::test:role/cdk-hnb659fds-deploy-role-test-eu-west-1",
                    ],
                  ],
                },
                "RunOrder": 3,
              },
              Object {
                "ActionTypeId": Object {
                  "Category": "Deploy",
                  "Owner": "AWS",
                  "Provider": "CloudFormation",
                  "Version": "1",
                },
                "Configuration": Object {
                  "ActionMode": "CHANGE_SET_EXECUTE",
                  "ChangeSetName": "PipelineChange",
                  "StackName": "mijn-uitkering-api-api-stack",
                },
                "Name": "api-stack.Deploy",
                "RoleArn": Object {
                  "Fn::Join": Array [
                    "",
                    Array [
                      "arn:",
                      Object {
                        "Ref": "AWS::Partition",
                      },
                      ":iam::test:role/cdk-hnb659fds-deploy-role-test-eu-west-1",
                    ],
                  ],
                },
                "RunOrder": 4,
              },
            ],
            "Name": "mijn-uitkering-api",
          },
        ],
        "Tags": Array [
          Object {
            "Key": "cdkManaged",
            "Value": "yes",
          },
          Object {
            "Key": "Project",
            "Value": "mijn-uitkering",
          },
        ],
      },
      "Type": "AWS::CodePipeline::Pipeline",
    },
    "mijnuitkeringPipelineRoleCCFC537C": Object {
      "Properties": Object {
        "AssumeRolePolicyDocument": Object {
          "Statement": Array [
            Object {
              "Action": "sts:AssumeRole",
              "Effect": "Allow",
              "Principal": Object {
                "Service": "codepipeline.amazonaws.com",
              },
            },
          ],
          "Version": "2012-10-17",
        },
        "Tags": Array [
          Object {
            "Key": "cdkManaged",
            "Value": "yes",
          },
          Object {
            "Key": "Project",
            "Value": "mijn-uitkering",
          },
        ],
      },
      "Type": "AWS::IAM::Role",
    },
    "mijnuitkeringPipelineRoleDefaultPolicyFD649C98": Object {
      "Properties": Object {
        "PolicyDocument": Object {
          "Statement": Array [
            Object {
              "Action": Array [
                "s3:GetObject*",
                "s3:GetBucket*",
                "s3:List*",
                "s3:DeleteObject*",
                "s3:PutObject",
                "s3:Abort*",
              ],
              "Effect": "Allow",
              "Resource": Array [
                Object {
                  "Fn::GetAtt": Array [
                    "mijnuitkeringPipelineArtifactsBucketA36B7DD3",
                    "Arn",
                  ],
                },
                Object {
                  "Fn::Join": Array [
                    "",
                    Array [
                      Object {
                        "Fn::GetAtt": Array [
                          "mijnuitkeringPipelineArtifactsBucketA36B7DD3",
                          "Arn",
                        ],
                      },
                      "/*",
                    ],
                  ],
                },
              ],
            },
            Object {
              "Action": Array [
                "kms:Decrypt",
                "kms:DescribeKey",
                "kms:Encrypt",
                "kms:ReEncrypt*",
                "kms:GenerateDataKey*",
              ],
              "Effect": "Allow",
              "Resource": Object {
                "Fn::GetAtt": Array [
                  "mijnuitkeringPipelineArtifactsBucketEncryptionKey0738E820",
                  "Arn",
                ],
              },
            },
            Object {
              "Action": "sts:AssumeRole",
              "Effect": "Allow",
              "Resource": Object {
                "Fn::GetAtt": Array [
                  "mijnuitkeringPipelineSourceGemeenteNijmegenmijnuitkeringCodePipelineActionRoleBF572F45",
                  "Arn",
                ],
              },
            },
            Object {
              "Action": "sts:AssumeRole",
              "Effect": "Allow",
              "Resource": Object {
                "Fn::GetAtt": Array [
                  "mijnuitkeringPipelineBuildSynthCodePipelineActionRole54658168",
                  "Arn",
                ],
              },
            },
            Object {
              "Action": "sts:AssumeRole",
              "Effect": "Allow",
              "Resource": Object {
                "Fn::GetAtt": Array [
                  "mijnuitkeringPipelineUpdatePipelineSelfMutateCodePipelineActionRole8CF38B71",
                  "Arn",
                ],
              },
            },
            Object {
              "Action": "sts:AssumeRole",
              "Effect": "Allow",
              "Resource": Object {
                "Fn::GetAtt": Array [
                  "mijnuitkeringPipelineAssetsFileAsset1CodePipelineActionRole95AACD1F",
                  "Arn",
                ],
              },
            },
            Object {
              "Action": "sts:AssumeRole",
              "Effect": "Allow",
              "Resource": Object {
                "Fn::GetAtt": Array [
                  "mijnuitkeringPipelineAssetsFileAsset2CodePipelineActionRole74C20B4C",
                  "Arn",
                ],
              },
            },
            Object {
              "Action": "sts:AssumeRole",
              "Effect": "Allow",
              "Resource": Object {
                "Fn::GetAtt": Array [
                  "mijnuitkeringPipelineAssetsFileAsset3CodePipelineActionRoleEDF3D555",
                  "Arn",
                ],
              },
            },
            Object {
              "Action": "sts:AssumeRole",
              "Effect": "Allow",
              "Resource": Object {
                "Fn::Join": Array [
                  "",
                  Array [
                    "arn:",
                    Object {
                      "Ref": "AWS::Partition",
                    },
                    ":iam::test:role/cdk-hnb659fds-deploy-role-test-eu-west-1",
                  ],
                ],
              },
            },
          ],
          "Version": "2012-10-17",
        },
        "PolicyName": "mijnuitkeringPipelineRoleDefaultPolicyFD649C98",
        "Roles": Array [
          Object {
            "Ref": "mijnuitkeringPipelineRoleCCFC537C",
          },
        ],
      },
      "Type": "AWS::IAM::Policy",
    },
    "mijnuitkeringPipelineSourceGemeenteNijmegenmijnuitkeringCodePipelineActionRoleBF572F45": Object {
      "Properties": Object {
        "AssumeRolePolicyDocument": Object {
          "Statement": Array [
            Object {
              "Action": "sts:AssumeRole",
              "Effect": "Allow",
              "Principal": Object {
                "AWS": Object {
                  "Fn::Join": Array [
                    "",
                    Array [
                      "arn:",
                      Object {
                        "Ref": "AWS::Partition",
                      },
                      ":iam::test:root",
                    ],
                  ],
                },
              },
            },
          ],
          "Version": "2012-10-17",
        },
        "Tags": Array [
          Object {
            "Key": "cdkManaged",
            "Value": "yes",
          },
          Object {
            "Key": "Project",
            "Value": "mijn-uitkering",
          },
        ],
      },
      "Type": "AWS::IAM::Role",
    },
    "mijnuitkeringPipelineSourceGemeenteNijmegenmijnuitkeringCodePipelineActionRoleDefaultPolicyDB6BD365": Object {
      "Properties": Object {
        "PolicyDocument": Object {
          "Statement": Array [
            Object {
              "Action": "codestar-connections:UseConnection",
              "Effect": "Allow",
              "Resource": Object {
                "Ref": "connectionArn",
              },
            },
            Object {
              "Action": Array [
                "s3:GetObject*",
                "s3:GetBucket*",
                "s3:List*",
                "s3:DeleteObject*",
                "s3:PutObject",
                "s3:Abort*",
              ],
              "Effect": "Allow",
              "Resource": Array [
                Object {
                  "Fn::GetAtt": Array [
                    "mijnuitkeringPipelineArtifactsBucketA36B7DD3",
                    "Arn",
                  ],
                },
                Object {
                  "Fn::Join": Array [
                    "",
                    Array [
                      Object {
                        "Fn::GetAtt": Array [
                          "mijnuitkeringPipelineArtifactsBucketA36B7DD3",
                          "Arn",
                        ],
                      },
                      "/*",
                    ],
                  ],
                },
              ],
            },
            Object {
              "Action": Array [
                "kms:Decrypt",
                "kms:DescribeKey",
                "kms:Encrypt",
                "kms:ReEncrypt*",
                "kms:GenerateDataKey*",
              ],
              "Effect": "Allow",
              "Resource": Object {
                "Fn::GetAtt": Array [
                  "mijnuitkeringPipelineArtifactsBucketEncryptionKey0738E820",
                  "Arn",
                ],
              },
            },
            Object {
              "Action": "s3:PutObjectAcl",
              "Effect": "Allow",
              "Resource": Object {
                "Fn::Join": Array [
                  "",
                  Array [
                    Object {
                      "Fn::GetAtt": Array [
                        "mijnuitkeringPipelineArtifactsBucketA36B7DD3",
                        "Arn",
                      ],
                    },
                    "/*",
                  ],
                ],
              },
            },
          ],
          "Version": "2012-10-17",
        },
        "PolicyName": "mijnuitkeringPipelineSourceGemeenteNijmegenmijnuitkeringCodePipelineActionRoleDefaultPolicyDB6BD365",
        "Roles": Array [
          Object {
            "Ref": "mijnuitkeringPipelineSourceGemeenteNijmegenmijnuitkeringCodePipelineActionRoleBF572F45",
          },
        ],
      },
      "Type": "AWS::IAM::Policy",
    },
    "mijnuitkeringPipelineUpdatePipelineSelfMutateCodePipelineActionRole8CF38B71": Object {
      "Properties": Object {
        "AssumeRolePolicyDocument": Object {
          "Statement": Array [
            Object {
              "Action": "sts:AssumeRole",
              "Effect": "Allow",
              "Principal": Object {
                "AWS": Object {
                  "Fn::Join": Array [
                    "",
                    Array [
                      "arn:",
                      Object {
                        "Ref": "AWS::Partition",
                      },
                      ":iam::test:root",
                    ],
                  ],
                },
              },
            },
          ],
          "Version": "2012-10-17",
        },
        "Tags": Array [
          Object {
            "Key": "cdkManaged",
            "Value": "yes",
          },
          Object {
            "Key": "Project",
            "Value": "mijn-uitkering",
          },
        ],
      },
      "Type": "AWS::IAM::Role",
    },
    "mijnuitkeringPipelineUpdatePipelineSelfMutateCodePipelineActionRoleDefaultPolicy2D3A3B83": Object {
      "Properties": Object {
        "PolicyDocument": Object {
          "Statement": Array [
            Object {
              "Action": Array [
                "codebuild:BatchGetBuilds",
                "codebuild:StartBuild",
                "codebuild:StopBuild",
              ],
              "Effect": "Allow",
              "Resource": Object {
                "Fn::GetAtt": Array [
                  "mijnuitkeringUpdatePipelineSelfMutationABAB1C95",
                  "Arn",
                ],
              },
            },
          ],
          "Version": "2012-10-17",
        },
        "PolicyName": "mijnuitkeringPipelineUpdatePipelineSelfMutateCodePipelineActionRoleDefaultPolicy2D3A3B83",
        "Roles": Array [
          Object {
            "Ref": "mijnuitkeringPipelineUpdatePipelineSelfMutateCodePipelineActionRole8CF38B71",
          },
        ],
      },
      "Type": "AWS::IAM::Policy",
    },
    "mijnuitkeringUpdatePipelineSelfMutationABAB1C95": Object {
      "Properties": Object {
        "Artifacts": Object {
          "Type": "CODEPIPELINE",
        },
        "Cache": Object {
          "Type": "NO_CACHE",
        },
        "Description": Object {
          "Fn::Join": Array [
            "",
            Array [
              "Pipeline step ",
              Object {
                "Ref": "mijnuitkeringPipelineE8D06236",
              },
              "/UpdatePipeline/SelfMutate",
            ],
          ],
        },
        "EncryptionKey": Object {
          "Fn::GetAtt": Array [
            "mijnuitkeringPipelineArtifactsBucketEncryptionKey0738E820",
            "Arn",
          ],
        },
        "Environment": Object {
          "ComputeType": "BUILD_GENERAL1_SMALL",
          "Image": "aws/codebuild/standard:5.0",
          "ImagePullCredentialsType": "CODEBUILD",
          "PrivilegedMode": true,
          "Type": "LINUX_CONTAINER",
        },
        "Name": "mijn-uitkering-selfupdate",
        "ServiceRole": Object {
          "Fn::GetAtt": Array [
            "mijnuitkeringUpdatePipelineSelfMutationRole1E0BEE62",
            "Arn",
          ],
        },
        "Source": Object {
          "BuildSpec": "{
  \\"version\\": \\"0.2\\",
  \\"phases\\": {
    \\"install\\": {
      \\"commands\\": [
        \\"npm install -g aws-cdk@2\\"
      ]
    },
    \\"build\\": {
      \\"commands\\": [
        \\"cdk -a . deploy test --require-approval=never --verbose\\"
      ]
    }
  }
}",
          "Type": "CODEPIPELINE",
        },
        "Tags": Array [
          Object {
            "Key": "cdkManaged",
            "Value": "yes",
          },
          Object {
            "Key": "Project",
            "Value": "mijn-uitkering",
          },
        ],
      },
      "Type": "AWS::CodeBuild::Project",
    },
    "mijnuitkeringUpdatePipelineSelfMutationRole1E0BEE62": Object {
      "Properties": Object {
        "AssumeRolePolicyDocument": Object {
          "Statement": Array [
            Object {
              "Action": "sts:AssumeRole",
              "Effect": "Allow",
              "Principal": Object {
                "Service": "codebuild.amazonaws.com",
              },
            },
          ],
          "Version": "2012-10-17",
        },
        "Tags": Array [
          Object {
            "Key": "cdkManaged",
            "Value": "yes",
          },
          Object {
            "Key": "Project",
            "Value": "mijn-uitkering",
          },
        ],
      },
      "Type": "AWS::IAM::Role",
    },
    "mijnuitkeringUpdatePipelineSelfMutationRoleDefaultPolicy52084689": Object {
      "Properties": Object {
        "PolicyDocument": Object {
          "Statement": Array [
            Object {
              "Action": Array [
                "logs:CreateLogGroup",
                "logs:CreateLogStream",
                "logs:PutLogEvents",
              ],
              "Effect": "Allow",
              "Resource": Array [
                Object {
                  "Fn::Join": Array [
                    "",
                    Array [
                      "arn:",
                      Object {
                        "Ref": "AWS::Partition",
                      },
                      ":logs:eu-west-1:test:log-group:/aws/codebuild/",
                      Object {
                        "Ref": "mijnuitkeringUpdatePipelineSelfMutationABAB1C95",
                      },
                    ],
                  ],
                },
                Object {
                  "Fn::Join": Array [
                    "",
                    Array [
                      "arn:",
                      Object {
                        "Ref": "AWS::Partition",
                      },
                      ":logs:eu-west-1:test:log-group:/aws/codebuild/",
                      Object {
                        "Ref": "mijnuitkeringUpdatePipelineSelfMutationABAB1C95",
                      },
                      ":*",
                    ],
                  ],
                },
              ],
            },
            Object {
              "Action": Array [
                "codebuild:CreateReportGroup",
                "codebuild:CreateReport",
                "codebuild:UpdateReport",
                "codebuild:BatchPutTestCases",
                "codebuild:BatchPutCodeCoverages",
              ],
              "Effect": "Allow",
              "Resource": Object {
                "Fn::Join": Array [
                  "",
                  Array [
                    "arn:",
                    Object {
                      "Ref": "AWS::Partition",
                    },
                    ":codebuild:eu-west-1:test:report-group/",
                    Object {
                      "Ref": "mijnuitkeringUpdatePipelineSelfMutationABAB1C95",
                    },
                    "-*",
                  ],
                ],
              },
            },
            Object {
              "Action": "sts:AssumeRole",
              "Condition": Object {
                "ForAnyValue:StringEquals": Object {
                  "iam:ResourceTag/aws-cdk:bootstrap-role": Array [
                    "image-publishing",
                    "file-publishing",
                    "deploy",
                  ],
                },
              },
              "Effect": "Allow",
              "Resource": "arn:*:iam::test:role/*",
            },
            Object {
              "Action": "cloudformation:DescribeStacks",
              "Effect": "Allow",
              "Resource": "*",
            },
            Object {
              "Action": "s3:ListBucket",
              "Effect": "Allow",
              "Resource": "*",
            },
            Object {
              "Action": Array [
                "s3:GetObject*",
                "s3:GetBucket*",
                "s3:List*",
              ],
              "Effect": "Allow",
              "Resource": Array [
                Object {
                  "Fn::GetAtt": Array [
                    "mijnuitkeringPipelineArtifactsBucketA36B7DD3",
                    "Arn",
                  ],
                },
                Object {
                  "Fn::Join": Array [
                    "",
                    Array [
                      Object {
                        "Fn::GetAtt": Array [
                          "mijnuitkeringPipelineArtifactsBucketA36B7DD3",
                          "Arn",
                        ],
                      },
                      "/*",
                    ],
                  ],
                },
              ],
            },
            Object {
              "Action": Array [
                "kms:Decrypt",
                "kms:DescribeKey",
              ],
              "Effect": "Allow",
              "Resource": Object {
                "Fn::GetAtt": Array [
                  "mijnuitkeringPipelineArtifactsBucketEncryptionKey0738E820",
                  "Arn",
                ],
              },
            },
            Object {
              "Action": Array [
                "kms:Decrypt",
                "kms:Encrypt",
                "kms:ReEncrypt*",
                "kms:GenerateDataKey*",
              ],
              "Effect": "Allow",
              "Resource": Object {
                "Fn::GetAtt": Array [
                  "mijnuitkeringPipelineArtifactsBucketEncryptionKey0738E820",
                  "Arn",
                ],
              },
            },
          ],
          "Version": "2012-10-17",
        },
        "PolicyName": "mijnuitkeringUpdatePipelineSelfMutationRoleDefaultPolicy52084689",
        "Roles": Array [
          Object {
            "Ref": "mijnuitkeringUpdatePipelineSelfMutationRole1E0BEE62",
          },
        ],
      },
      "Type": "AWS::IAM::Policy",
    },
  },
  "Rules": Object {
    "CheckBootstrapVersion": Object {
      "Assertions": Array [
        Object {
          "Assert": Object {
            "Fn::Not": Array [
              Object {
                "Fn::Contains": Array [
                  Array [
                    "1",
                    "2",
                    "3",
                    "4",
                    "5",
                  ],
                  Object {
                    "Ref": "BootstrapVersion",
                  },
                ],
              },
            ],
          },
          "AssertDescription": "CDK bootstrap stack version 6 required. Please run 'cdk bootstrap' with a recent version of the CDK CLI.",
        },
      ],
    },
  },
}
`;
