// Jest Snapshot v1, https://goo.gl/fbAQLP

exports[`Snapshot 1`] = `
Object {
  "Parameters": Object {
    "BootstrapVersion": Object {
      "Default": "/cdk-bootstrap/hnb659fds/version",
      "Description": "Version of the CDK Bootstrap resources in this environment, automatically retrieved from SSM Parameter Store. [cdk:skip]",
      "Type": "AWS::SSM::Parameter::Value<String>",
    },
  },
  "Resources": Object {
    "pipelinePipeline4163A4B1": Object {
      "DependsOn": Array [
        "pipelinePipelineRoleDefaultPolicy16010F3E",
        "pipelinePipelineRole7016E5DF",
      ],
      "Properties": Object {
        "ArtifactStore": Object {
          "EncryptionKey": Object {
            "Id": Object {
              "Fn::GetAtt": Array [
                "pipelinePipelineArtifactsBucketEncryptionKey56EE9D50",
                "Arn",
              ],
            },
            "Type": "KMS",
          },
          "Location": Object {
            "Ref": "pipelinePipelineArtifactsBucketC2CD5B5E",
          },
          "Type": "S3",
        },
        "Name": "mijn-uitkering",
        "RestartExecutionOnUpdate": true,
        "RoleArn": Object {
          "Fn::GetAtt": Array [
            "pipelinePipelineRole7016E5DF",
            "Arn",
          ],
        },
        "Stages": Array [
          Object {
            "Actions": Array [
              Object {
                "ActionTypeId": Object {
                  "Category": "Source",
                  "Owner": "AWS",
                  "Provider": "CodeStarSourceConnection",
                  "Version": "1",
                },
                "Configuration": Object {
                  "BranchName": "test",
                  "ConnectionArn": "arn:aws:codestar-connections:eu-west-1:418648875085:connection/4f647929-c982-4f30-94f4-24ff7dbf9766",
                  "FullRepositoryId": "GemeenteNijmegen/mijnuitkering",
                },
                "Name": "GemeenteNijmegen_mijnuitkering",
                "OutputArtifacts": Array [
                  Object {
                    "Name": "GemeenteNijmegen_mijnuitkering_Source",
                  },
                ],
                "RoleArn": Object {
                  "Fn::GetAtt": Array [
                    "pipelinePipelineSourceGemeenteNijmegenmijnuitkeringCodePipelineActionRole87B0BD9E",
                    "Arn",
                  ],
                },
                "RunOrder": 1,
              },
            ],
            "Name": "Source",
          },
          Object {
            "Actions": Array [
              Object {
                "ActionTypeId": Object {
                  "Category": "Build",
                  "Owner": "AWS",
                  "Provider": "CodeBuild",
                  "Version": "1",
                },
                "Configuration": Object {
                  "EnvironmentVariables": "[{\\"name\\":\\"_PROJECT_CONFIG_HASH\\",\\"type\\":\\"PLAINTEXT\\",\\"value\\":\\"1a3e4c96f1aad1d96a8c803ef8a31cdfbdc3a96425d924d59943c7c342f034a8\\"}]",
                  "ProjectName": Object {
                    "Ref": "pipelinePipelineBuildSynthCdkBuildProject4237770A",
                  },
                },
                "InputArtifacts": Array [
                  Object {
                    "Name": "GemeenteNijmegen_mijnuitkering_Source",
                  },
                ],
                "Name": "Synth",
                "OutputArtifacts": Array [
                  Object {
                    "Name": "Synth_Output",
                  },
                ],
                "RoleArn": Object {
                  "Fn::GetAtt": Array [
                    "pipelinePipelineBuildSynthCodePipelineActionRoleD2261161",
                    "Arn",
                  ],
                },
                "RunOrder": 1,
              },
            ],
            "Name": "Build",
          },
          Object {
            "Actions": Array [
              Object {
                "ActionTypeId": Object {
                  "Category": "Build",
                  "Owner": "AWS",
                  "Provider": "CodeBuild",
                  "Version": "1",
                },
                "Configuration": Object {
                  "EnvironmentVariables": "[{\\"name\\":\\"_PROJECT_CONFIG_HASH\\",\\"type\\":\\"PLAINTEXT\\",\\"value\\":\\"5bf35113579754e28f72c705fde1a2e02dd0d8d1cfcee326900f3e08ec8f9bf5\\"}]",
                  "ProjectName": Object {
                    "Ref": "pipelineUpdatePipelineSelfMutation14A96D2F",
                  },
                },
                "InputArtifacts": Array [
                  Object {
                    "Name": "Synth_Output",
                  },
                ],
                "Name": "SelfMutate",
                "RoleArn": Object {
                  "Fn::GetAtt": Array [
                    "pipelinePipelineUpdatePipelineSelfMutateCodePipelineActionRole616B0B5B",
                    "Arn",
                  ],
                },
                "RunOrder": 1,
              },
            ],
            "Name": "UpdatePipeline",
          },
          Object {
            "Actions": Array [
              Object {
                "ActionTypeId": Object {
                  "Category": "Deploy",
                  "Owner": "AWS",
                  "Provider": "CloudFormation",
                  "Version": "1",
                },
                "Configuration": Object {
                  "ActionMode": "CHANGE_SET_REPLACE",
                  "Capabilities": "CAPABILITY_NAMED_IAM,CAPABILITY_AUTO_EXPAND",
                  "ChangeSetName": "PipelineChange",
                  "RoleArn": Object {
                    "Fn::Join": Array [
                      "",
                      Array [
                        "arn:",
                        Object {
                          "Ref": "AWS::Partition",
                        },
                        ":iam::test:role/cdk-hnb659fds-cfn-exec-role-test-eu-west-1",
                      ],
                    ],
                  },
                  "StackName": "sessions-stack",
                  "TemplatePath": "Synth_Output::assembly-test-sessions/testsessionsstack7D939041.template.json",
                },
                "InputArtifacts": Array [
                  Object {
                    "Name": "Synth_Output",
                  },
                ],
                "Name": "Prepare",
                "RoleArn": Object {
                  "Fn::Join": Array [
                    "",
                    Array [
                      "arn:",
                      Object {
                        "Ref": "AWS::Partition",
                      },
                      ":iam::test:role/cdk-hnb659fds-deploy-role-test-eu-west-1",
                    ],
                  ],
                },
                "RunOrder": 1,
              },
              Object {
                "ActionTypeId": Object {
                  "Category": "Deploy",
                  "Owner": "AWS",
                  "Provider": "CloudFormation",
                  "Version": "1",
                },
                "Configuration": Object {
                  "ActionMode": "CHANGE_SET_EXECUTE",
                  "ChangeSetName": "PipelineChange",
                  "StackName": "sessions-stack",
                },
                "Name": "Deploy",
                "RoleArn": Object {
                  "Fn::Join": Array [
                    "",
                    Array [
                      "arn:",
                      Object {
                        "Ref": "AWS::Partition",
                      },
                      ":iam::test:role/cdk-hnb659fds-deploy-role-test-eu-west-1",
                    ],
                  ],
                },
                "RunOrder": 2,
              },
            ],
            "Name": "sessions",
          },
        ],
        "Tags": Array [
          Object {
            "Key": "cdkManaged",
            "Value": "yes",
          },
          Object {
            "Key": "Project",
            "Value": "mijn-uitkering",
          },
        ],
      },
      "Type": "AWS::CodePipeline::Pipeline",
    },
    "pipelinePipelineArtifactsBucketC2CD5B5E": Object {
      "DeletionPolicy": "Retain",
      "Properties": Object {
        "BucketEncryption": Object {
          "ServerSideEncryptionConfiguration": Array [
            Object {
              "ServerSideEncryptionByDefault": Object {
                "KMSMasterKeyID": Object {
                  "Fn::GetAtt": Array [
                    "pipelinePipelineArtifactsBucketEncryptionKey56EE9D50",
                    "Arn",
                  ],
                },
                "SSEAlgorithm": "aws:kms",
              },
            },
          ],
        },
        "PublicAccessBlockConfiguration": Object {
          "BlockPublicAcls": true,
          "BlockPublicPolicy": true,
          "IgnorePublicAcls": true,
          "RestrictPublicBuckets": true,
        },
        "Tags": Array [
          Object {
            "Key": "cdkManaged",
            "Value": "yes",
          },
          Object {
            "Key": "Project",
            "Value": "mijn-uitkering",
          },
        ],
      },
      "Type": "AWS::S3::Bucket",
      "UpdateReplacePolicy": "Retain",
    },
    "pipelinePipelineArtifactsBucketEncryptionKey56EE9D50": Object {
      "DeletionPolicy": "Delete",
      "Properties": Object {
        "KeyPolicy": Object {
          "Statement": Array [
            Object {
              "Action": "kms:*",
              "Effect": "Allow",
              "Principal": Object {
                "AWS": Object {
                  "Fn::Join": Array [
                    "",
                    Array [
                      "arn:",
                      Object {
                        "Ref": "AWS::Partition",
                      },
                      ":iam::test:root",
                    ],
                  ],
                },
              },
              "Resource": "*",
            },
            Object {
              "Action": Array [
                "kms:Decrypt",
                "kms:DescribeKey",
              ],
              "Effect": "Allow",
              "Principal": Object {
                "AWS": Object {
                  "Fn::Join": Array [
                    "",
                    Array [
                      "arn:",
                      Object {
                        "Ref": "AWS::Partition",
                      },
                      ":iam::test:role/cdk-hnb659fds-deploy-role-test-eu-west-1",
                    ],
                  ],
                },
              },
              "Resource": "*",
            },
          ],
          "Version": "2012-10-17",
        },
        "Tags": Array [
          Object {
            "Key": "cdkManaged",
            "Value": "yes",
          },
          Object {
            "Key": "Project",
            "Value": "mijn-uitkering",
          },
        ],
      },
      "Type": "AWS::KMS::Key",
      "UpdateReplacePolicy": "Delete",
    },
    "pipelinePipelineArtifactsBucketEncryptionKeyAlias1D557762": Object {
      "DeletionPolicy": "Delete",
      "Properties": Object {
        "AliasName": "alias/codepipeline-testpipelinepipeline0d47f079",
        "TargetKeyId": Object {
          "Fn::GetAtt": Array [
            "pipelinePipelineArtifactsBucketEncryptionKey56EE9D50",
            "Arn",
          ],
        },
      },
      "Type": "AWS::KMS::Alias",
      "UpdateReplacePolicy": "Delete",
    },
    "pipelinePipelineArtifactsBucketPolicy10A41055": Object {
      "Properties": Object {
        "Bucket": Object {
          "Ref": "pipelinePipelineArtifactsBucketC2CD5B5E",
        },
        "PolicyDocument": Object {
          "Statement": Array [
            Object {
              "Action": Array [
                "s3:GetObject*",
                "s3:GetBucket*",
                "s3:List*",
              ],
              "Effect": "Allow",
              "Principal": Object {
                "AWS": Object {
                  "Fn::Join": Array [
                    "",
                    Array [
                      "arn:",
                      Object {
                        "Ref": "AWS::Partition",
                      },
                      ":iam::test:role/cdk-hnb659fds-deploy-role-test-eu-west-1",
                    ],
                  ],
                },
              },
              "Resource": Array [
                Object {
                  "Fn::GetAtt": Array [
                    "pipelinePipelineArtifactsBucketC2CD5B5E",
                    "Arn",
                  ],
                },
                Object {
                  "Fn::Join": Array [
                    "",
                    Array [
                      Object {
                        "Fn::GetAtt": Array [
                          "pipelinePipelineArtifactsBucketC2CD5B5E",
                          "Arn",
                        ],
                      },
                      "/*",
                    ],
                  ],
                },
              ],
            },
          ],
          "Version": "2012-10-17",
        },
      },
      "Type": "AWS::S3::BucketPolicy",
    },
    "pipelinePipelineBuildSynthCdkBuildProject4237770A": Object {
      "Properties": Object {
        "Artifacts": Object {
          "Type": "CODEPIPELINE",
        },
        "EncryptionKey": Object {
          "Fn::GetAtt": Array [
            "pipelinePipelineArtifactsBucketEncryptionKey56EE9D50",
            "Arn",
          ],
        },
        "Environment": Object {
          "ComputeType": "BUILD_GENERAL1_SMALL",
          "Image": "aws/codebuild/standard:5.0",
          "ImagePullCredentialsType": "CODEBUILD",
          "PrivilegedMode": true,
          "Type": "LINUX_CONTAINER",
        },
        "ServiceRole": Object {
          "Fn::GetAtt": Array [
            "pipelinePipelineBuildSynthCdkBuildProjectRole0C39D18F",
            "Arn",
          ],
        },
        "Source": Object {
          "BuildSpec": "{
  \\"version\\": \\"0.2\\",
  \\"phases\\": {
    \\"build\\": {
      \\"commands\\": [
        \\"yarn install --frozen-lockfile\\",
        \\"npx projen build\\",
        \\"npx projen synth\\"
      ]
    }
  },
  \\"artifacts\\": {
    \\"base-directory\\": \\"cdk.out\\",
    \\"files\\": \\"**/*\\"
  }
}",
          "Type": "CODEPIPELINE",
        },
        "Tags": Array [
          Object {
            "Key": "cdkManaged",
            "Value": "yes",
          },
          Object {
            "Key": "Project",
            "Value": "mijn-uitkering",
          },
        ],
      },
      "Type": "AWS::CodeBuild::Project",
    },
    "pipelinePipelineBuildSynthCdkBuildProjectRole0C39D18F": Object {
      "Properties": Object {
        "AssumeRolePolicyDocument": Object {
          "Statement": Array [
            Object {
              "Action": "sts:AssumeRole",
              "Effect": "Allow",
              "Principal": Object {
                "Service": "codebuild.amazonaws.com",
              },
            },
          ],
          "Version": "2012-10-17",
        },
        "Tags": Array [
          Object {
            "Key": "cdkManaged",
            "Value": "yes",
          },
          Object {
            "Key": "Project",
            "Value": "mijn-uitkering",
          },
        ],
      },
      "Type": "AWS::IAM::Role",
    },
    "pipelinePipelineBuildSynthCdkBuildProjectRoleDefaultPolicyB3981181": Object {
      "Properties": Object {
        "PolicyDocument": Object {
          "Statement": Array [
            Object {
              "Action": Array [
                "logs:CreateLogGroup",
                "logs:CreateLogStream",
                "logs:PutLogEvents",
              ],
              "Effect": "Allow",
              "Resource": Array [
                Object {
                  "Fn::Join": Array [
                    "",
                    Array [
                      "arn:",
                      Object {
                        "Ref": "AWS::Partition",
                      },
                      ":logs:eu-west-1:test:log-group:/aws/codebuild/",
                      Object {
                        "Ref": "pipelinePipelineBuildSynthCdkBuildProject4237770A",
                      },
                    ],
                  ],
                },
                Object {
                  "Fn::Join": Array [
                    "",
                    Array [
                      "arn:",
                      Object {
                        "Ref": "AWS::Partition",
                      },
                      ":logs:eu-west-1:test:log-group:/aws/codebuild/",
                      Object {
                        "Ref": "pipelinePipelineBuildSynthCdkBuildProject4237770A",
                      },
                      ":*",
                    ],
                  ],
                },
              ],
            },
            Object {
              "Action": Array [
                "codebuild:CreateReportGroup",
                "codebuild:CreateReport",
                "codebuild:UpdateReport",
                "codebuild:BatchPutTestCases",
                "codebuild:BatchPutCodeCoverages",
              ],
              "Effect": "Allow",
              "Resource": Object {
                "Fn::Join": Array [
                  "",
                  Array [
                    "arn:",
                    Object {
                      "Ref": "AWS::Partition",
                    },
                    ":codebuild:eu-west-1:test:report-group/",
                    Object {
                      "Ref": "pipelinePipelineBuildSynthCdkBuildProject4237770A",
                    },
                    "-*",
                  ],
                ],
              },
            },
            Object {
              "Action": Array [
                "s3:GetObject*",
                "s3:GetBucket*",
                "s3:List*",
                "s3:DeleteObject*",
                "s3:PutObject",
                "s3:Abort*",
              ],
              "Effect": "Allow",
              "Resource": Array [
                Object {
                  "Fn::GetAtt": Array [
                    "pipelinePipelineArtifactsBucketC2CD5B5E",
                    "Arn",
                  ],
                },
                Object {
                  "Fn::Join": Array [
                    "",
                    Array [
                      Object {
                        "Fn::GetAtt": Array [
                          "pipelinePipelineArtifactsBucketC2CD5B5E",
                          "Arn",
                        ],
                      },
                      "/*",
                    ],
                  ],
                },
              ],
            },
            Object {
              "Action": Array [
                "kms:Decrypt",
                "kms:DescribeKey",
                "kms:Encrypt",
                "kms:ReEncrypt*",
                "kms:GenerateDataKey*",
              ],
              "Effect": "Allow",
              "Resource": Object {
                "Fn::GetAtt": Array [
                  "pipelinePipelineArtifactsBucketEncryptionKey56EE9D50",
                  "Arn",
                ],
              },
            },
            Object {
              "Action": Array [
                "kms:Decrypt",
                "kms:Encrypt",
                "kms:ReEncrypt*",
                "kms:GenerateDataKey*",
              ],
              "Effect": "Allow",
              "Resource": Object {
                "Fn::GetAtt": Array [
                  "pipelinePipelineArtifactsBucketEncryptionKey56EE9D50",
                  "Arn",
                ],
              },
            },
          ],
          "Version": "2012-10-17",
        },
        "PolicyName": "pipelinePipelineBuildSynthCdkBuildProjectRoleDefaultPolicyB3981181",
        "Roles": Array [
          Object {
            "Ref": "pipelinePipelineBuildSynthCdkBuildProjectRole0C39D18F",
          },
        ],
      },
      "Type": "AWS::IAM::Policy",
    },
    "pipelinePipelineBuildSynthCodePipelineActionRoleD2261161": Object {
      "Properties": Object {
        "AssumeRolePolicyDocument": Object {
          "Statement": Array [
            Object {
              "Action": "sts:AssumeRole",
              "Effect": "Allow",
              "Principal": Object {
                "AWS": Object {
                  "Fn::Join": Array [
                    "",
                    Array [
                      "arn:",
                      Object {
                        "Ref": "AWS::Partition",
                      },
                      ":iam::test:root",
                    ],
                  ],
                },
              },
            },
          ],
          "Version": "2012-10-17",
        },
        "Tags": Array [
          Object {
            "Key": "cdkManaged",
            "Value": "yes",
          },
          Object {
            "Key": "Project",
            "Value": "mijn-uitkering",
          },
        ],
      },
      "Type": "AWS::IAM::Role",
    },
    "pipelinePipelineBuildSynthCodePipelineActionRoleDefaultPolicy7B8E3FCA": Object {
      "Properties": Object {
        "PolicyDocument": Object {
          "Statement": Array [
            Object {
              "Action": Array [
                "codebuild:BatchGetBuilds",
                "codebuild:StartBuild",
                "codebuild:StopBuild",
              ],
              "Effect": "Allow",
              "Resource": Object {
                "Fn::GetAtt": Array [
                  "pipelinePipelineBuildSynthCdkBuildProject4237770A",
                  "Arn",
                ],
              },
            },
          ],
          "Version": "2012-10-17",
        },
        "PolicyName": "pipelinePipelineBuildSynthCodePipelineActionRoleDefaultPolicy7B8E3FCA",
        "Roles": Array [
          Object {
            "Ref": "pipelinePipelineBuildSynthCodePipelineActionRoleD2261161",
          },
        ],
      },
      "Type": "AWS::IAM::Policy",
    },
    "pipelinePipelineRole7016E5DF": Object {
      "Properties": Object {
        "AssumeRolePolicyDocument": Object {
          "Statement": Array [
            Object {
              "Action": "sts:AssumeRole",
              "Effect": "Allow",
              "Principal": Object {
                "Service": "codepipeline.amazonaws.com",
              },
            },
          ],
          "Version": "2012-10-17",
        },
        "Tags": Array [
          Object {
            "Key": "cdkManaged",
            "Value": "yes",
          },
          Object {
            "Key": "Project",
            "Value": "mijn-uitkering",
          },
        ],
      },
      "Type": "AWS::IAM::Role",
    },
    "pipelinePipelineRoleDefaultPolicy16010F3E": Object {
      "Properties": Object {
        "PolicyDocument": Object {
          "Statement": Array [
            Object {
              "Action": Array [
                "s3:GetObject*",
                "s3:GetBucket*",
                "s3:List*",
                "s3:DeleteObject*",
                "s3:PutObject",
                "s3:Abort*",
              ],
              "Effect": "Allow",
              "Resource": Array [
                Object {
                  "Fn::GetAtt": Array [
                    "pipelinePipelineArtifactsBucketC2CD5B5E",
                    "Arn",
                  ],
                },
                Object {
                  "Fn::Join": Array [
                    "",
                    Array [
                      Object {
                        "Fn::GetAtt": Array [
                          "pipelinePipelineArtifactsBucketC2CD5B5E",
                          "Arn",
                        ],
                      },
                      "/*",
                    ],
                  ],
                },
              ],
            },
            Object {
              "Action": Array [
                "kms:Decrypt",
                "kms:DescribeKey",
                "kms:Encrypt",
                "kms:ReEncrypt*",
                "kms:GenerateDataKey*",
              ],
              "Effect": "Allow",
              "Resource": Object {
                "Fn::GetAtt": Array [
                  "pipelinePipelineArtifactsBucketEncryptionKey56EE9D50",
                  "Arn",
                ],
              },
            },
            Object {
              "Action": "sts:AssumeRole",
              "Effect": "Allow",
              "Resource": Object {
                "Fn::GetAtt": Array [
                  "pipelinePipelineSourceGemeenteNijmegenmijnuitkeringCodePipelineActionRole87B0BD9E",
                  "Arn",
                ],
              },
            },
            Object {
              "Action": "sts:AssumeRole",
              "Effect": "Allow",
              "Resource": Object {
                "Fn::GetAtt": Array [
                  "pipelinePipelineBuildSynthCodePipelineActionRoleD2261161",
                  "Arn",
                ],
              },
            },
            Object {
              "Action": "sts:AssumeRole",
              "Effect": "Allow",
              "Resource": Object {
                "Fn::GetAtt": Array [
                  "pipelinePipelineUpdatePipelineSelfMutateCodePipelineActionRole616B0B5B",
                  "Arn",
                ],
              },
            },
            Object {
              "Action": "sts:AssumeRole",
              "Effect": "Allow",
              "Resource": Object {
                "Fn::Join": Array [
                  "",
                  Array [
                    "arn:",
                    Object {
                      "Ref": "AWS::Partition",
                    },
                    ":iam::test:role/cdk-hnb659fds-deploy-role-test-eu-west-1",
                  ],
                ],
              },
            },
          ],
          "Version": "2012-10-17",
        },
        "PolicyName": "pipelinePipelineRoleDefaultPolicy16010F3E",
        "Roles": Array [
          Object {
            "Ref": "pipelinePipelineRole7016E5DF",
          },
        ],
      },
      "Type": "AWS::IAM::Policy",
    },
    "pipelinePipelineSourceGemeenteNijmegenmijnuitkeringCodePipelineActionRole87B0BD9E": Object {
      "Properties": Object {
        "AssumeRolePolicyDocument": Object {
          "Statement": Array [
            Object {
              "Action": "sts:AssumeRole",
              "Effect": "Allow",
              "Principal": Object {
                "AWS": Object {
                  "Fn::Join": Array [
                    "",
                    Array [
                      "arn:",
                      Object {
                        "Ref": "AWS::Partition",
                      },
                      ":iam::test:root",
                    ],
                  ],
                },
              },
            },
          ],
          "Version": "2012-10-17",
        },
        "Tags": Array [
          Object {
            "Key": "cdkManaged",
            "Value": "yes",
          },
          Object {
            "Key": "Project",
            "Value": "mijn-uitkering",
          },
        ],
      },
      "Type": "AWS::IAM::Role",
    },
    "pipelinePipelineSourceGemeenteNijmegenmijnuitkeringCodePipelineActionRoleDefaultPolicy7DD3776C": Object {
      "Properties": Object {
        "PolicyDocument": Object {
          "Statement": Array [
            Object {
              "Action": "codestar-connections:UseConnection",
              "Effect": "Allow",
              "Resource": "arn:aws:codestar-connections:eu-west-1:418648875085:connection/4f647929-c982-4f30-94f4-24ff7dbf9766",
            },
            Object {
              "Action": Array [
                "s3:GetObject*",
                "s3:GetBucket*",
                "s3:List*",
                "s3:DeleteObject*",
                "s3:PutObject",
                "s3:Abort*",
              ],
              "Effect": "Allow",
              "Resource": Array [
                Object {
                  "Fn::GetAtt": Array [
                    "pipelinePipelineArtifactsBucketC2CD5B5E",
                    "Arn",
                  ],
                },
                Object {
                  "Fn::Join": Array [
                    "",
                    Array [
                      Object {
                        "Fn::GetAtt": Array [
                          "pipelinePipelineArtifactsBucketC2CD5B5E",
                          "Arn",
                        ],
                      },
                      "/*",
                    ],
                  ],
                },
              ],
            },
            Object {
              "Action": Array [
                "kms:Decrypt",
                "kms:DescribeKey",
                "kms:Encrypt",
                "kms:ReEncrypt*",
                "kms:GenerateDataKey*",
              ],
              "Effect": "Allow",
              "Resource": Object {
                "Fn::GetAtt": Array [
                  "pipelinePipelineArtifactsBucketEncryptionKey56EE9D50",
                  "Arn",
                ],
              },
            },
            Object {
              "Action": "s3:PutObjectAcl",
              "Effect": "Allow",
              "Resource": Object {
                "Fn::Join": Array [
                  "",
                  Array [
                    Object {
                      "Fn::GetAtt": Array [
                        "pipelinePipelineArtifactsBucketC2CD5B5E",
                        "Arn",
                      ],
                    },
                    "/*",
                  ],
                ],
              },
            },
          ],
          "Version": "2012-10-17",
        },
        "PolicyName": "pipelinePipelineSourceGemeenteNijmegenmijnuitkeringCodePipelineActionRoleDefaultPolicy7DD3776C",
        "Roles": Array [
          Object {
            "Ref": "pipelinePipelineSourceGemeenteNijmegenmijnuitkeringCodePipelineActionRole87B0BD9E",
          },
        ],
      },
      "Type": "AWS::IAM::Policy",
    },
    "pipelinePipelineUpdatePipelineSelfMutateCodePipelineActionRole616B0B5B": Object {
      "Properties": Object {
        "AssumeRolePolicyDocument": Object {
          "Statement": Array [
            Object {
              "Action": "sts:AssumeRole",
              "Effect": "Allow",
              "Principal": Object {
                "AWS": Object {
                  "Fn::Join": Array [
                    "",
                    Array [
                      "arn:",
                      Object {
                        "Ref": "AWS::Partition",
                      },
                      ":iam::test:root",
                    ],
                  ],
                },
              },
            },
          ],
          "Version": "2012-10-17",
        },
        "Tags": Array [
          Object {
            "Key": "cdkManaged",
            "Value": "yes",
          },
          Object {
            "Key": "Project",
            "Value": "mijn-uitkering",
          },
        ],
      },
      "Type": "AWS::IAM::Role",
    },
    "pipelinePipelineUpdatePipelineSelfMutateCodePipelineActionRoleDefaultPolicy09E3C254": Object {
      "Properties": Object {
        "PolicyDocument": Object {
          "Statement": Array [
            Object {
              "Action": Array [
                "codebuild:BatchGetBuilds",
                "codebuild:StartBuild",
                "codebuild:StopBuild",
              ],
              "Effect": "Allow",
              "Resource": Object {
                "Fn::GetAtt": Array [
                  "pipelineUpdatePipelineSelfMutation14A96D2F",
                  "Arn",
                ],
              },
            },
          ],
          "Version": "2012-10-17",
        },
        "PolicyName": "pipelinePipelineUpdatePipelineSelfMutateCodePipelineActionRoleDefaultPolicy09E3C254",
        "Roles": Array [
          Object {
            "Ref": "pipelinePipelineUpdatePipelineSelfMutateCodePipelineActionRole616B0B5B",
          },
        ],
      },
      "Type": "AWS::IAM::Policy",
    },
    "pipelineUpdatePipelineSelfMutation14A96D2F": Object {
      "Properties": Object {
        "Artifacts": Object {
          "Type": "CODEPIPELINE",
        },
        "EncryptionKey": Object {
          "Fn::GetAtt": Array [
            "pipelinePipelineArtifactsBucketEncryptionKey56EE9D50",
            "Arn",
          ],
        },
        "Environment": Object {
          "ComputeType": "BUILD_GENERAL1_SMALL",
          "Image": "aws/codebuild/standard:5.0",
          "ImagePullCredentialsType": "CODEBUILD",
          "PrivilegedMode": true,
          "Type": "LINUX_CONTAINER",
        },
        "Name": "mijn-uitkering-selfupdate",
        "ServiceRole": Object {
          "Fn::GetAtt": Array [
            "pipelineUpdatePipelineSelfMutationRole91820177",
            "Arn",
          ],
        },
        "Source": Object {
          "BuildSpec": "{
  \\"version\\": \\"0.2\\",
  \\"phases\\": {
    \\"install\\": {
      \\"commands\\": [
        \\"npm install -g aws-cdk\\"
      ]
    },
    \\"build\\": {
      \\"commands\\": [
        \\"cdk -a . deploy test --require-approval=never --verbose\\"
      ]
    }
  }
}",
          "Type": "CODEPIPELINE",
        },
        "Tags": Array [
          Object {
            "Key": "cdkManaged",
            "Value": "yes",
          },
          Object {
            "Key": "Project",
            "Value": "mijn-uitkering",
          },
        ],
      },
      "Type": "AWS::CodeBuild::Project",
    },
    "pipelineUpdatePipelineSelfMutationRole91820177": Object {
      "Properties": Object {
        "AssumeRolePolicyDocument": Object {
          "Statement": Array [
            Object {
              "Action": "sts:AssumeRole",
              "Effect": "Allow",
              "Principal": Object {
                "Service": "codebuild.amazonaws.com",
              },
            },
          ],
          "Version": "2012-10-17",
        },
        "Tags": Array [
          Object {
            "Key": "cdkManaged",
            "Value": "yes",
          },
          Object {
            "Key": "Project",
            "Value": "mijn-uitkering",
          },
        ],
      },
      "Type": "AWS::IAM::Role",
    },
    "pipelineUpdatePipelineSelfMutationRoleDefaultPolicy095404B8": Object {
      "Properties": Object {
        "PolicyDocument": Object {
          "Statement": Array [
            Object {
              "Action": Array [
                "logs:CreateLogGroup",
                "logs:CreateLogStream",
                "logs:PutLogEvents",
              ],
              "Effect": "Allow",
              "Resource": Array [
                Object {
                  "Fn::Join": Array [
                    "",
                    Array [
                      "arn:",
                      Object {
                        "Ref": "AWS::Partition",
                      },
                      ":logs:eu-west-1:test:log-group:/aws/codebuild/",
                      Object {
                        "Ref": "pipelineUpdatePipelineSelfMutation14A96D2F",
                      },
                    ],
                  ],
                },
                Object {
                  "Fn::Join": Array [
                    "",
                    Array [
                      "arn:",
                      Object {
                        "Ref": "AWS::Partition",
                      },
                      ":logs:eu-west-1:test:log-group:/aws/codebuild/",
                      Object {
                        "Ref": "pipelineUpdatePipelineSelfMutation14A96D2F",
                      },
                      ":*",
                    ],
                  ],
                },
              ],
            },
            Object {
              "Action": Array [
                "codebuild:CreateReportGroup",
                "codebuild:CreateReport",
                "codebuild:UpdateReport",
                "codebuild:BatchPutTestCases",
                "codebuild:BatchPutCodeCoverages",
              ],
              "Effect": "Allow",
              "Resource": Object {
                "Fn::Join": Array [
                  "",
                  Array [
                    "arn:",
                    Object {
                      "Ref": "AWS::Partition",
                    },
                    ":codebuild:eu-west-1:test:report-group/",
                    Object {
                      "Ref": "pipelineUpdatePipelineSelfMutation14A96D2F",
                    },
                    "-*",
                  ],
                ],
              },
            },
            Object {
              "Action": "sts:AssumeRole",
              "Condition": Object {
                "ForAnyValue:StringEquals": Object {
                  "iam:ResourceTag/aws-cdk:bootstrap-role": Array [
                    "image-publishing",
                    "file-publishing",
                    "deploy",
                  ],
                },
              },
              "Effect": "Allow",
              "Resource": "arn:*:iam::test:role/*",
            },
            Object {
              "Action": "cloudformation:DescribeStacks",
              "Effect": "Allow",
              "Resource": "*",
            },
            Object {
              "Action": "s3:ListBucket",
              "Effect": "Allow",
              "Resource": "*",
            },
            Object {
              "Action": Array [
                "s3:GetObject*",
                "s3:GetBucket*",
                "s3:List*",
              ],
              "Effect": "Allow",
              "Resource": Array [
                Object {
                  "Fn::GetAtt": Array [
                    "pipelinePipelineArtifactsBucketC2CD5B5E",
                    "Arn",
                  ],
                },
                Object {
                  "Fn::Join": Array [
                    "",
                    Array [
                      Object {
                        "Fn::GetAtt": Array [
                          "pipelinePipelineArtifactsBucketC2CD5B5E",
                          "Arn",
                        ],
                      },
                      "/*",
                    ],
                  ],
                },
              ],
            },
            Object {
              "Action": Array [
                "kms:Decrypt",
                "kms:DescribeKey",
              ],
              "Effect": "Allow",
              "Resource": Object {
                "Fn::GetAtt": Array [
                  "pipelinePipelineArtifactsBucketEncryptionKey56EE9D50",
                  "Arn",
                ],
              },
            },
            Object {
              "Action": Array [
                "kms:Decrypt",
                "kms:Encrypt",
                "kms:ReEncrypt*",
                "kms:GenerateDataKey*",
              ],
              "Effect": "Allow",
              "Resource": Object {
                "Fn::GetAtt": Array [
                  "pipelinePipelineArtifactsBucketEncryptionKey56EE9D50",
                  "Arn",
                ],
              },
            },
          ],
          "Version": "2012-10-17",
        },
        "PolicyName": "pipelineUpdatePipelineSelfMutationRoleDefaultPolicy095404B8",
        "Roles": Array [
          Object {
            "Ref": "pipelineUpdatePipelineSelfMutationRole91820177",
          },
        ],
      },
      "Type": "AWS::IAM::Policy",
    },
  },
  "Rules": Object {
    "CheckBootstrapVersion": Object {
      "Assertions": Array [
        Object {
          "Assert": Object {
            "Fn::Not": Array [
              Object {
                "Fn::Contains": Array [
                  Array [
                    "1",
                    "2",
                    "3",
                    "4",
                    "5",
                  ],
                  Object {
                    "Ref": "BootstrapVersion",
                  },
                ],
              },
            ],
          },
          "AssertDescription": "CDK bootstrap stack version 6 required. Please run 'cdk bootstrap' with a recent version of the CDK CLI.",
        },
      ],
    },
  },
}
`;
